Model Params: 25.83M
Trainable Params: 25.830M
Dataset: 1398972 train, 14131 val
Muon params: 25.82M, AdamW params: 0.01M
Epoch:[1/2](500/174872), loss: 6.3928, logits_loss: 6.3928, aux_loss: 0.0000, lr: 0.00030000, epoch_time: 1081.0min
Epoch:[1/2](1000/174872), loss: 5.4264, logits_loss: 5.4264, aux_loss: 0.0000, lr: 0.00029999, epoch_time: 967.0min
Epo/Users/hughlin/.pyenv/versions/3.12.13/lib/python3.12/multiprocessing/resource_tracker.py:279: UserWarning: resource_tracker: There appear to be 15 leaked semaphore objects to clean up at shutdown
  warnings.warn('resource_tracker: There appear to be %d '
oss: 4.6171, logits_loss: 4.6171, aux_loss: 0.0000, lr: 0.00029997, epoch_time: 805.0min
Epoch:[1/2](3000/174872), loss: 4.0445, logits_loss: 4.0445, aux_loss: 0.0000, lr: 0.00029995, epoch_time: 788.0min
Epoch:[1/2](3500/174872), loss: 3.9710, logits_loss: 3.9710, aux_loss: 0.0000, lr: 0.00029993, epoch_time: 777.0min
Epoch:[1/2](4000/174872), loss: 3.8284, logits_loss: 3.8284, aux_loss: 0.0000, lr: 0.00029991, epoch_time: 769.0min
Epoch:[1/2](4500/174872), loss: 3.8286, logits_loss: 3.8286, aux_loss: 0.0000, lr: 0.00029989, epoch_time: 763.0min
Epoch:[1/2](5000/174872), loss: 4.0973, logits_loss: 4.0973, aux_loss: 0.0000, lr: 0.00029986, epoch_time: 761.0min
Epoch:[1/2](5500/174872), loss: 3.7756, logits_loss: 3.7756, aux_loss: 0.0000, lr: 0.00029984, epoch_time: 759.0min
Epoch:[1/2](6000/174872), loss: 3.5025, logits_loss: 3.5025, aux_loss: 0.0000, lr: 0.00029980, epoch_time: 758.0min
Epoch:[1/2](6500/174872), loss: 3.4871, logits_loss: 3.4871, aux_loss: 0.0000, lr: 0.00029977, epoch_time: 756.0min
Epoch:[1/2](7000/174872), loss: 3.9094, logits_loss: 3.9094, aux_loss: 0.0000, lr: 0.00029973, epoch_time: 755.0min
Epoch:[1/2](7500/174872), loss: 3.6026, logits_loss: 3.6026, aux_loss: 0.0000, lr: 0.00029969, epoch_time: 754.0min
Epoch:[1/2](8000/174872), loss: 3.9010, logits_loss: 3.9010, aux_loss: 0.0000, lr: 0.00029965, epoch_time: 753.0min
Epoch:[1/2](8500/174872), loss: 3.6579, logits_loss: 3.6579, aux_loss: 0.0000, lr: 0.00029961, epoch_time: 753.0min
Epoch:[1/2](9000/174872), loss: 3.9982, logits_loss: 3.9982, aux_loss: 0.0000, lr: 0.00029956, epoch_time: 754.0min
Epoch:[1/2](9500/174872), loss: 3.6503, logits_loss: 3.6503, aux_loss: 0.0000, lr: 0.00029951, epoch_time: 753.0min
Epoch:[1/2](10000/174872), loss: 3.7466, logits_loss: 3.7466, aux_loss: 0.0000, lr: 0.00029946, epoch_time: 752.0min
Epoch:[1/2](10500/174872), loss: 3.3465, logits_loss: 3.3465, aux_loss: 0.0000, lr: 0.00029940, epoch_time: 751.0min
Epoch:[1/2](11000/174872), loss: 3.5549, logits_loss: 3.5549, aux_loss: 0.0000, lr: 0.00029934, epoch_time: 752.0min
Epoch:[1/2](11500/174872), loss: 3.5391, logits_loss: 3.5391, aux_loss: 0.0000, lr: 0.00029928, epoch_time: 751.0min
Epoch:[1/2](12000/174872), loss: 4.0854, logits_loss: 4.0854, aux_loss: 0.0000, lr: 0.00029922, epoch_time: 748.0min
Epoch:[1/2](12500/174872), loss: 3.9169, logits_loss: 3.9169, aux_loss: 0.0000, lr: 0.00029915, epoch_time: 747.0min
Epoch:[1/2](13000/174872), loss: 3.6147, logits_loss: 3.6147, aux_loss: 0.0000, lr: 0.00029908, epoch_time: 746.0min
Epoch:[1/2](13500/174872), loss: 3.3008, logits_loss: 3.3008, aux_loss: 0.0000, lr: 0.00029901, epoch_time: 744.0min
Epoch:[1/2](14000/174872), loss: 3.5495, logits_loss: 3.5495, aux_loss: 0.0000, lr: 0.00029893, epoch_time: 743.0min
Epoch:[1/2](14500/174872), loss: 3.6017, logits_loss: 3.6017, aux_loss: 0.0000, lr: 0.00029886, epoch_time: 741.0min
Epoch:[1/2](15000/174872), loss: 3.5464, logits_loss: 3.5464, aux_loss: 0.0000, lr: 0.00029878, epoch_time: 741.0min
Epoch:[1/2](15500/174872), loss: 3.6279, logits_loss: 3.6279, aux_loss: 0.0000, lr: 0.00029869, epoch_time: 740.0min
Epoch:[1/2](16000/174872), loss: 3.5207, logits_loss: 3.5207, aux_loss: 0.0000, lr: 0.00029861, epoch_time: 738.0min
Epoch:[1/2](16500/174872), loss: 3.3626, logits_loss: 3.3626, aux_loss: 0.0000, lr: 0.00029852, epoch_time: 736.0min
Epoch:[1/2](17000/174872), loss: 3.4853, logits_loss: 3.4853, aux_loss: 0.0000, lr: 0.00029843, epoch_time: 733.0min
Epoch:[1/2](17500/174872), loss: 3.6109, logits_loss: 3.6109, aux_loss: 0.0000, lr: 0.00029834, epoch_time: 732.0min
Epoch:[1/2](18000/174872), loss: 3.8042, logits_loss: 3.8042, aux_loss: 0.0000, lr: 0.00029824, epoch_time: 731.0min
Epoch:[1/2](18500/174872), loss: 3.4361, logits_loss: 3.4361, aux_loss: 0.0000, lr: 0.00029814, epoch_time: 729.0min
Epoch:[1/2](19000/174872), loss: 3.5673, logits_loss: 3.5673, aux_loss: 0.0000, lr: 0.00029804, epoch_time: 729.0min
Epoch:[1/2](19500/174872), loss: 3.1086, logits_loss: 3.1086, aux_loss: 0.0000, lr: 0.00029793, epoch_time: 725.0min
Epoch:[1/2](20000/174872), loss: 3.1665, logits_loss: 3.1665, aux_loss: 0.0000, lr: 0.00029783, epoch_time: 721.0min
Epoch:[1/2](20500/174872), loss: 3.3111, logits_loss: 3.3111, aux_loss: 0.0000, lr: 0.00029772, epoch_time: 718.0min
Epoch:[1/2](21000/174872), loss: 3.2952, logits_loss: 3.2952, aux_loss: 0.0000, lr: 0.00029761, epoch_time: 715.0min
Epoch:[1/2](21500/174872), loss: 3.2421, logits_loss: 3.2421, aux_loss: 0.0000, lr: 0.00029749, epoch_time: 711.0min
Epoch:[1/2](22000/174872), loss: 3.0155, logits_loss: 3.0155, aux_loss: 0.0000, lr: 0.00029737, epoch_time: 708.0min
Epoch:[1/2](22500/174872), loss: 2.7844, logits_loss: 2.7844, aux_loss: 0.0000, lr: 0.00029725, epoch_time: 705.0min
Epoch:[1/2](23000/174872), loss: 2.9355, logits_loss: 2.9355, aux_loss: 0.0000, lr: 0.00029713, epoch_time: 701.0min
Epoch:[1/2](23500/174872), loss: 3.1346, logits_loss: 3.1346, aux_loss: 0.0000, lr: 0.00029700, epoch_time: 697.0min
Epoch:[1/2](24000/174872), loss: 3.1379, logits_loss: 3.1379, aux_loss: 0.0000, lr: 0.00029688, epoch_time: 694.0min
Epoch:[1/2](24500/174872), loss: 3.0336, logits_loss: 3.0336, aux_loss: 0.0000, lr: 0.00029674, epoch_time: 691.0min
Epoch:[1/2](25000/174872), loss: 3.2956, logits_loss: 3.2956, aux_loss: 0.0000, lr: 0.00029661, epoch_time: 688.0min
Epoch:[1/2](25500/174872), loss: 3.2778, logits_loss: 3.2778, aux_loss: 0.0000, lr: 0.00029647, epoch_time: 685.0min
Epoch:[1/2](26000/174872), loss: 2.8760, logits_loss: 2.8760, aux_loss: 0.0000, lr: 0.00029633, epoch_time: 682.0min
Epoch:[1/2](26500/174872), loss: 2.7893, logits_loss: 2.7893, aux_loss: 0.0000, lr: 0.00029619, epoch_time: 679.0min
Epoch:[1/2](27000/174872), loss: 2.9678, logits_loss: 2.9678, aux_loss: 0.0000, lr: 0.00029605, epoch_time: 676.0min
Epoch:[1/2](27500/174872), loss: 3.0567, logits_loss: 3.0567, aux_loss: 0.0000, lr: 0.00029590, epoch_time: 674.0min
Epoch:[1/2](28000/174872), loss: 2.7865, logits_loss: 2.7865, aux_loss: 0.0000, lr: 0.00029575, epoch_time: 671.0min
Epoch:[1/2](28500/174872), loss: 2.9973, logits_loss: 2.9973, aux_loss: 0.0000, lr: 0.00029560, epoch_time: 668.0min
Epoch:[1/2](29000/174872), loss: 3.1521, logits_loss: 3.1521, aux_loss: 0.0000, lr: 0.00029545, epoch_time: 665.0min
Epoch:[1/2](29500/174872), loss: 2.5924, logits_loss: 2.5924, aux_loss: 0.0000, lr: 0.00029529, epoch_time: 663.0min
Epoch:[1/2](30000/174872), loss: 2.9350, logits_loss: 2.9350, aux_loss: 0.0000, lr: 0.00029513, epoch_time: 660.0min
Epoch:[1/2](30500/174872), loss: 3.1248, logits_loss: 3.1248, aux_loss: 0.0000, lr: 0.00029497, epoch_time: 658.0min
Epoch:[1/2](31000/174872), loss: 3.0731, logits_loss: 3.0731, aux_loss: 0.0000, lr: 0.00029480, epoch_time: 654.0min
Epoch:[1/2](31500/174872), loss: 3.3743, logits_loss: 3.3743, aux_loss: 0.0000, lr: 0.00029463, epoch_time: 651.0min
Epoch:[1/2](32000/174872), loss: 3.3126, logits_loss: 3.3126, aux_loss: 0.0000, lr: 0.00029446, epoch_time: 649.0min
Epoch:[1/2](32500/174872), loss: 2.8247, logits_loss: 2.8247, aux_loss: 0.0000, lr: 0.00029429, epoch_time: 646.0min
Epoch:[1/2](33000/174872), loss: 2.9448, logits_loss: 2.9448, aux_loss: 0.0000, lr: 0.00029411, epoch_time: 644.0min
Epoch:[1/2](33500/174872), loss: 2.6993, logits_loss: 2.6993, aux_loss: 0.0000, lr: 0.00029393, epoch_time: 642.0min
Epoch:[1/2](34000/174872), loss: 2.8551, logits_loss: 2.8551, aux_loss: 0.0000, lr: 0.00029375, epoch_time: 639.0min
Epoch:[1/2](34500/174872), loss: 3.1896, logits_loss: 3.1896, aux_loss: 0.0000, lr: 0.00029357, epoch_time: 636.0min
Epoch:[1/2](35000/174872), loss: 3.2886, logits_loss: 3.2886, aux_loss: 0.0000, lr: 0.00029338, epoch_time: 633.0min
Epoch:[1/2](35500/174872), loss: 3.2439, logits_loss: 3.2439, aux_loss: 0.0000, lr: 0.00029319, epoch_time: 631.0min
Epoch:[1/2](36000/174872), loss: 3.0909, logits_loss: 3.0909, aux_loss: 0.0000, lr: 0.00029300, epoch_time: 628.0min
Epoch:[1/2](36500/174872), loss: 2.6723, logits_loss: 2.6723, aux_loss: 0.0000, lr: 0.00029281, epoch_time: 626.0min
Epoch:[1/2](37000/174872), loss: 2.7326, logits_loss: 2.7326, aux_loss: 0.0000, lr: 0.00029261, epoch_time: 622.0min
Epoch:[1/2](37500/174872), loss: 2.9573, logits_loss: 2.9573, aux_loss: 0.0000, lr: 0.00029241, epoch_time: 620.0min
Epoch:[1/2](38000/174872), loss: 3.1129, logits_loss: 3.1129, aux_loss: 0.0000, lr: 0.00029221, epoch_time: 618.0min
Epoch:[1/2](38500/174872), loss: 3.5886, logits_loss: 3.5886, aux_loss: 0.0000, lr: 0.00029201, epoch_time: 616.0min
Epoch:[1/2](39000/174872), loss: 3.0267, logits_loss: 3.0267, aux_loss: 0.0000, lr: 0.00029180, epoch_time: 613.0min
Epoch:[1/2](39500/174872), loss: 2.9798, logits_loss: 2.9798, aux_loss: 0.0000, lr: 0.00029159, epoch_time: 610.0min
Epoch:[1/2](40000/174872), loss: 3.1554, logits_loss: 3.1554, aux_loss: 0.0000, lr: 0.00029138, epoch_time: 608.0min
Epoch:[1/2](40500/174872), loss: 2.6598, logits_loss: 2.6598, aux_loss: 0.0000, lr: 0.00029116, epoch_time: 606.0min
Epoch:[1/2](41000/174872), loss: 3.0765, logits_loss: 3.0765, aux_loss: 0.0000, lr: 0.00029095, epoch_time: 603.0min
Epoch:[1/2](41500/174872), loss: 3.0217, logits_loss: 3.0217, aux_loss: 0.0000, lr: 0.00029073, epoch_time: 601.0min
Epoch:[1/2](42000/174872), loss: 2.8467, logits_loss: 2.8467, aux_loss: 0.0000, lr: 0.00029051, epoch_time: 598.0min
Epoch:[1/2](42500/174872), loss: 2.8360, logits_loss: 2.8360, aux_loss: 0.0000, lr: 0.00029028, epoch_time: 595.0min
Epoch:[1/2](43000/174872), loss: 3.0219, logits_loss: 3.0219, aux_loss: 0.0000, lr: 0.00029005, epoch_time: 593.0min
Epoch:[1/2](43500/174872), loss: 3.2582, logits_loss: 3.2582, aux_loss: 0.0000, lr: 0.00028982, epoch_time: 591.0min
Epoch:[1/2](44000/174872), loss: 2.8427, logits_loss: 2.8427, aux_loss: 0.0000, lr: 0.00028959, epoch_time: 589.0min
Epoch:[1/2](44500/174872), loss: 3.0708, logits_loss: 3.0708, aux_loss: 0.0000, lr: 0.00028936, epoch_time: 586.0min
Epoch:[1/2](45000/174872), loss: 2.6316, logits_loss: 2.6316, aux_loss: 0.0000, lr: 0.00028912, epoch_time: 584.0min
Epoch:[1/2](45500/174872), loss: 2.7346, logits_loss: 2.7346, aux_loss: 0.0000, lr: 0.00028888, epoch_time: 582.0min
Epoch:[1/2](46000/174872), loss: 2.6985, logits_loss: 2.6985, aux_loss: 0.0000, lr: 0.00028864, epoch_time: 580.0min
Epoch:[1/2](46500/174872), loss: 3.2747, logits_loss: 3.2747, aux_loss: 0.0000, lr: 0.00028839, epoch_time: 577.0min
Epoch:[1/2](47000/174872), loss: 2.9520, logits_loss: 2.9520, aux_loss: 0.0000, lr: 0.00028815, epoch_time: 574.0min
Epoch:[1/2](47500/174872), loss: 2.7082, logits_loss: 2.7082, aux_loss: 0.0000, lr: 0.00028790, epoch_time: 572.0min
Epoch:[1/2](48000/174872), loss: 2.7177, logits_loss: 2.7177, aux_loss: 0.0000, lr: 0.00028764, epoch_time: 570.0min
Epoch:[1/2](48500/174872), loss: 2.7146, logits_loss: 2.7146, aux_loss: 0.0000, lr: 0.00028739, epoch_time: 567.0min
Epoch:[1/2](49000/174872), loss: 2.7376, logits_loss: 2.7376, aux_loss: 0.0000, lr: 0.00028713, epoch_time: 565.0min
Epoch:[1/2](49500/174872), loss: 3.2181, logits_loss: 3.2181, aux_loss: 0.0000, lr: 0.00028687, epoch_time: 562.0min
Epoch:[1/2](50000/174872), loss: 2.8660, logits_loss: 2.8660, aux_loss: 0.0000, lr: 0.00028661, epoch_time: 560.0min
Epoch:[1/2](50500/174872), loss: 2.8034, logits_loss: 2.8034, aux_loss: 0.0000, lr: 0.00028635, epoch_time: 558.0min
Epoch:[1/2](51000/174872), loss: 3.0299, logits_loss: 3.0299, aux_loss: 0.0000, lr: 0.00028608, epoch_time: 556.0min
Epoch:[1/2](51500/174872), loss: 2.9301, logits_loss: 2.9301, aux_loss: 0.0000, lr: 0.00028581, epoch_time: 553.0min
Epoch:[1/2](52000/174872), loss: 2.7727, logits_loss: 2.7727, aux_loss: 0.0000, lr: 0.00028554, epoch_time: 551.0min
Epoch:[1/2](52500/174872), loss: 2.4203, logits_loss: 2.4203, aux_loss: 0.0000, lr: 0.00028526, epoch_time: 548.0min
Epoch:[1/2](53000/174872), loss: 2.9688, logits_loss: 2.9688, aux_loss: 0.0000, lr: 0.00028499, epoch_time: 546.0min
Epoch:[1/2](53500/174872), loss: 2.8192, logits_loss: 2.8192, aux_loss: 0.0000, lr: 0.00028471, epoch_time: 544.0min
Epoch:[1/2](54000/174872), loss: 3.4292, logits_loss: 3.4292, aux_loss: 0.0000, lr: 0.00028443, epoch_time: 542.0min
Epoch:[1/2](54500/174872), loss: 2.8156, logits_loss: 2.8156, aux_loss: 0.0000, lr: 0.00028414, epoch_time: 539.0min
Epoch:[1/2](55000/174872), loss: 2.9014, logits_loss: 2.9014, aux_loss: 0.0000, lr: 0.00028386, epoch_time: 537.0min
Epoch:[1/2](55500/174872), loss: 2.8106, logits_loss: 2.8106, aux_loss: 0.0000, lr: 0.00028357, epoch_time: 535.0min
Epoch:[1/2](56000/174872), loss: 2.8706, logits_loss: 2.8706, aux_loss: 0.0000, lr: 0.00028328, epoch_time: 533.0min
Epoch:[1/2](56500/174872), loss: 2.4287, logits_loss: 2.4287, aux_loss: 0.0000, lr: 0.00028298, epoch_time: 530.0min
Epoch:[1/2](57000/174872), loss: 2.6267, logits_loss: 2.6267, aux_loss: 0.0000, lr: 0.00028269, epoch_time: 527.0min
Epoch:[1/2](57500/174872), loss: 2.8368, logits_loss: 2.8368, aux_loss: 0.0000, lr: 0.00028239, epoch_time: 525.0min
Epoch:[1/2](58000/174872), loss: 2.6862, logits_loss: 2.6862, aux_loss: 0.0000, lr: 0.00028209, epoch_time: 523.0min
Epoch:[1/2](58500/174872), loss: 2.6298, logits_loss: 2.6298, aux_loss: 0.0000, lr: 0.00028179, epoch_time: 521.0min
Epoch:[1/2](59000/174872), loss: 2.9690, logits_loss: 2.9690, aux_loss: 0.0000, lr: 0.00028148, epoch_time: 519.0min
Epoch:[1/2](59500/174872), loss: 2.9757, logits_loss: 2.9757, aux_loss: 0.0000, lr: 0.00028117, epoch_time: 516.0min
Epoch:[1/2](60000/174872), loss: 2.7771, logits_loss: 2.7771, aux_loss: 0.0000, lr: 0.00028086, epoch_time: 514.0min
Epoch:[1/2](60500/174872), loss: 2.9706, logits_loss: 2.9706, aux_loss: 0.0000, lr: 0.00028055, epoch_time: 512.0min
Epoch:[1/2](61000/174872), loss: 2.9687, logits_loss: 2.9687, aux_loss: 0.0000, lr: 0.00028024, epoch_time: 510.0min
Epoch:[1/2](61500/174872), loss: 3.0057, logits_loss: 3.0057, aux_loss: 0.0000, lr: 0.00027992, epoch_time: 507.0min
Epoch:[1/2](62000/174872), loss: 3.1792, logits_loss: 3.1792, aux_loss: 0.0000, lr: 0.00027960, epoch_time: 505.0min
Epoch:[1/2](62500/174872), loss: 3.1845, logits_loss: 3.1845, aux_loss: 0.0000, lr: 0.00027928, epoch_time: 503.0min
Epoch:[1/2](63000/174872), loss: 2.7556, logits_loss: 2.7556, aux_loss: 0.0000, lr: 0.00027895, epoch_time: 500.0min
Epoch:[1/2](63500/174872), loss: 2.7005, logits_loss: 2.7005, aux_loss: 0.0000, lr: 0.00027863, epoch_time: 498.0min
Epoch:[1/2](64000/174872), loss: 2.6505, logits_loss: 2.6505, aux_loss: 0.0000, lr: 0.00027830, epoch_time: 495.0min
Epoch:[1/2](64500/174872), loss: 2.8168, logits_loss: 2.8168, aux_loss: 0.0000, lr: 0.00027797, epoch_time: 493.0min
Epoch:[1/2](65000/174872), loss: 2.4326, logits_loss: 2.4326, aux_loss: 0.0000, lr: 0.00027764, epoch_time: 491.0min
Epoch:[1/2](65500/174872), loss: 2.5196, logits_loss: 2.5196, aux_loss: 0.0000, lr: 0.00027730, epoch_time: 489.0min
Epoch:[1/2](66000/174872), loss: 2.7582, logits_loss: 2.7582, aux_loss: 0.0000, lr: 0.00027696, epoch_time: 486.0min
Epoch:[1/2](66500/174872), loss: 3.0518, logits_loss: 3.0518, aux_loss: 0.0000, lr: 0.00027662, epoch_time: 484.0min
Epoch:[1/2](67000/174872), loss: 2.4051, logits_loss: 2.4051, aux_loss: 0.0000, lr: 0.00027628, epoch_time: 482.0min
Epoch:[1/2](67500/174872), loss: 2.7864, logits_loss: 2.7864, aux_loss: 0.0000, lr: 0.00027594, epoch_time: 480.0min
Epoch:[1/2](68000/174872), loss: 2.9860, logits_loss: 2.9860, aux_loss: 0.0000, lr: 0.00027559, epoch_time: 478.0min
Epoch:[1/2](68500/174872), loss: 2.6432, logits_loss: 2.6432, aux_loss: 0.0000, lr: 0.00027524, epoch_time: 476.0min
Epoch:[1/2](69000/174872), loss: 2.8558, logits_loss: 2.8558, aux_loss: 0.0000, lr: 0.00027489, epoch_time: 473.0min
Epoch:[1/2](69500/174872), loss: 2.7542, logits_loss: 2.7542, aux_loss: 0.0000, lr: 0.00027454, epoch_time: 470.0min
Epoch:[1/2](70000/174872), loss: 2.9111, logits_loss: 2.9111, aux_loss: 0.0000, lr: 0.00027418, epoch_time: 468.0min
Epoch:[1/2](70500/174872), loss: 2.7390, logits_loss: 2.7390, aux_loss: 0.0000, lr: 0.00027382, epoch_time: 466.0min
Epoch:[1/2](71000/174872), loss: 2.5233, logits_loss: 2.5233, aux_loss: 0.0000, lr: 0.00027346, epoch_time: 463.0min
Epoch:[1/2](71500/174872), loss: 2.9121, logits_loss: 2.9121, aux_loss: 0.0000, lr: 0.00027310, epoch_time: 461.0min
Epoch:[1/2](72000/174872), loss: 2.6833, logits_loss: 2.6833, aux_loss: 0.0000, lr: 0.00027274, epoch_time: 459.0min
Epoch:[1/2](72500/174872), loss: 3.0527, logits_loss: 3.0527, aux_loss: 0.0000, lr: 0.00027237, epoch_time: 457.0min
Epoch:[1/2](73000/174872), loss: 2.8714, logits_loss: 2.8714, aux_loss: 0.0000, lr: 0.00027200, epoch_time: 455.0min
Epoch:[1/2](73500/174872), loss: 2.5922, logits_loss: 2.5922, aux_loss: 0.0000, lr: 0.00027163, epoch_time: 453.0min
Epoch:[1/2](74000/174872), loss: 2.7703, logits_loss: 2.7703, aux_loss: 0.0000, lr: 0.00027126, epoch_time: 450.0min
Epoch:[1/2](74500/174872), loss: 3.0182, logits_loss: 3.0182, aux_loss: 0.0000, lr: 0.00027088, epoch_time: 448.0min
Epoch:[1/2](75000/174872), loss: 2.9534, logits_loss: 2.9534, aux_loss: 0.0000, lr: 0.00027051, epoch_time: 446.0min
Epoch:[1/2](75500/174872), loss: 2.7451, logits_loss: 2.7451, aux_loss: 0.0000, lr: 0.00027013, epoch_time: 444.0min
Epoch:[1/2](76000/174872), loss: 2.6516, logits_loss: 2.6516, aux_loss: 0.0000, lr: 0.00026974, epoch_time: 441.0min
Epoch:[1/2](76500/174872), loss: 3.2538, logits_loss: 3.2538, aux_loss: 0.0000, lr: 0.00026936, epoch_time: 438.0min
Epoch:[1/2](77000/174872), loss: 3.2935, logits_loss: 3.2935, aux_loss: 0.0000, lr: 0.00026898, epoch_time: 436.0min
Epoch:[1/2](77500/174872), loss: 3.1215, logits_loss: 3.1215, aux_loss: 0.0000, lr: 0.00026859, epoch_time: 434.0min
Epoch:[1/2](78000/174872), loss: 3.0883, logits_loss: 3.0883, aux_loss: 0.0000, lr: 0.00026820, epoch_time: 432.0min
Epoch:[1/2](78500/174872), loss: 2.5948, logits_loss: 2.5948, aux_loss: 0.0000, lr: 0.00026781, epoch_time: 430.0min
Epoch:[1/2](79000/174872), loss: 2.8876, logits_loss: 2.8876, aux_loss: 0.0000, lr: 0.00026741, epoch_time: 427.0min
Epoch:[1/2](79500/174872), loss: 2.8296, logits_loss: 2.8296, aux_loss: 0.0000, lr: 0.00026702, epoch_time: 425.0min
Epoch:[1/2](80000/174872), loss: 2.9294, logits_loss: 2.9294, aux_loss: 0.0000, lr: 0.00026662, epoch_time: 423.0min
Epoch:[1/2](80500/174872), loss: 3.1690, logits_loss: 3.1690, aux_loss: 0.0000, lr: 0.00026622, epoch_time: 421.0min
Epoch:[1/2](81000/174872), loss: 3.0588, logits_loss: 3.0588, aux_loss: 0.0000, lr: 0.00026582, epoch_time: 418.0min
Epoch:[1/2](81500/174872), loss: 2.7308, logits_loss: 2.7308, aux_loss: 0.0000, lr: 0.00026541, epoch_time: 416.0min
Epoch:[1/2](82000/174872), loss: 3.0069, logits_loss: 3.0069, aux_loss: 0.0000, lr: 0.00026500, epoch_time: 414.0min
Epoch:[1/2](82500/174872), loss: 2.9071, logits_loss: 2.9071, aux_loss: 0.0000, lr: 0.00026460, epoch_time: 412.0min
Epoch:[1/2](83000/174872), loss: 2.8405, logits_loss: 2.8405, aux_loss: 0.0000, lr: 0.00026419, epoch_time: 410.0min
Epoch:[1/2](83500/174872), loss: 2.8218, logits_loss: 2.8218, aux_loss: 0.0000, lr: 0.00026377, epoch_time: 407.0min
Epoch:[1/2](84000/174872), loss: 3.0209, logits_loss: 3.0209, aux_loss: 0.0000, lr: 0.00026336, epoch_time: 405.0min
Epoch:[1/2](84500/174872), loss: 3.1487, logits_loss: 3.1487, aux_loss: 0.0000, lr: 0.00026294, epoch_time: 403.0min
Epoch:[1/2](85000/174872), loss: 2.8084, logits_loss: 2.8084, aux_loss: 0.0000, lr: 0.00026253, epoch_time: 401.0min
Epoch:[1/2](85500/174872), loss: 3.1729, logits_loss: 3.1729, aux_loss: 0.0000, lr: 0.00026210, epoch_time: 399.0min
Epoch:[1/2](86000/174872), loss: 2.9781, logits_loss: 2.9781, aux_loss: 0.0000, lr: 0.00026168, epoch_time: 396.0min
Epoch:[1/2](86500/174872), loss: 3.2073, logits_loss: 3.2073, aux_loss: 0.0000, lr: 0.00026126, epoch_time: 394.0min
Epoch:[1/2](87000/174872), loss: 3.4120, logits_loss: 3.4120, aux_loss: 0.0000, lr: 0.00026083, epoch_time: 392.0min
Epoch:[1/2](87500/174872), loss: 2.5052, logits_loss: 2.5052, aux_loss: 0.0000, lr: 0.00026040, epoch_time: 389.0min
Epoch:[1/2](88000/174872), loss: 2.9885, logits_loss: 2.9885, aux_loss: 0.0000, lr: 0.00025997, epoch_time: 387.0min
Epoch:[1/2](88500/174872), loss: 2.7428, logits_loss: 2.7428, aux_loss: 0.0000, lr: 0.00025954, epoch_time: 384.0min
Epoch:[1/2](89000/174872), loss: 3.3651, logits_loss: 3.3651, aux_loss: 0.0000, lr: 0.00025911, epoch_time: 382.0min
Epoch:[1/2](89500/174872), loss: 2.9474, logits_loss: 2.9474, aux_loss: 0.0000, lr: 0.00025867, epoch_time: 380.0min
Epoch:[1/2](90000/174872), loss: 2.4953, logits_loss: 2.4953, aux_loss: 0.0000, lr: 0.00025824, epoch_time: 378.0min
Epoch:[1/2](90500/174872), loss: 2.7530, logits_loss: 2.7530, aux_loss: 0.0000, lr: 0.00025780, epoch_time: 375.0min
Epoch:[1/2](91000/174872), loss: 2.9172, logits_loss: 2.9172, aux_loss: 0.0000, lr: 0.00025736, epoch_time: 373.0min
Epoch:[1/2](91500/174872), loss: 3.2849, logits_loss: 3.2849, aux_loss: 0.0000, lr: 0.00025691, epoch_time: 371.0min
Epoch:[1/2](92000/174872), loss: 2.9427, logits_loss: 2.9427, aux_loss: 0.0000, lr: 0.00025647, epoch_time: 369.0min
Epoch:[1/2](92500/174872), loss: 2.7694, logits_loss: 2.7694, aux_loss: 0.0000, lr: 0.00025602, epoch_time: 367.0min
Epoch:[1/2](93000/174872), loss: 2.8565, logits_loss: 2.8565, aux_loss: 0.0000, lr: 0.00025557, epoch_time: 364.0min
Epoch:[1/2](93500/174872), loss: 2.6784, logits_loss: 2.6784, aux_loss: 0.0000, lr: 0.00025512, epoch_time: 362.0min
Epoch:[1/2](94000/174872), loss: 2.7661, logits_loss: 2.7661, aux_loss: 0.0000, lr: 0.00025467, epoch_time: 360.0min
Epoch:[1/2](94500/174872), loss: 2.8323, logits_loss: 2.8323, aux_loss: 0.0000, lr: 0.00025421, epoch_time: 358.0min
Epoch:[1/2](95000/174872), loss: 2.9764, logits_loss: 2.9764, aux_loss: 0.0000, lr: 0.00025376, epoch_time: 356.0min
Epoch:[1/2](95500/174872), loss: 3.0426, logits_loss: 3.0426, aux_loss: 0.0000, lr: 0.00025330, epoch_time: 353.0min
Epoch:[1/2](96000/174872), loss: 2.8603, logits_loss: 2.8603, aux_loss: 0.0000, lr: 0.00025284, epoch_time: 351.0min
Epoch:[1/2](96500/174872), loss: 3.1650, logits_loss: 3.1650, aux_loss: 0.0000, lr: 0.00025238, epoch_time: 349.0min
Epoch:[1/2](97000/174872), loss: 3.1294, logits_loss: 3.1294, aux_loss: 0.0000, lr: 0.00025192, epoch_time: 347.0min
Epoch:[1/2](97500/174872), loss: 3.0642, logits_loss: 3.0642, aux_loss: 0.0000, lr: 0.00025145, epoch_time: 344.0min
Epoch:[1/2](98000/174872), loss: 2.9194, logits_loss: 2.9194, aux_loss: 0.0000, lr: 0.00025099, epoch_time: 342.0min
Epoch:[1/2](98500/174872), loss: 2.9048, logits_loss: 2.9048, aux_loss: 0.0000, lr: 0.00025052, epoch_time: 340.0min
Epoch:[1/2](99000/174872), loss: 2.8768, logits_loss: 2.8768, aux_loss: 0.0000, lr: 0.00025005, epoch_time: 338.0min
Epoch:[1/2](99500/174872), loss: 2.7154, logits_loss: 2.7154, aux_loss: 0.0000, lr: 0.00024958, epoch_time: 336.0min
Epoch:[1/2](100000/174872), loss: 3.2410, logits_loss: 3.2410, aux_loss: 0.0000, lr: 0.00024910, epoch_time: 333.0min
Epoch:[1/2](100500/174872), loss: 3.3049, logits_loss: 3.3049, aux_loss: 0.0000, lr: 0.00024863, epoch_time: 331.0min
Epoch:[1/2](101000/174872), loss: 3.1773, logits_loss: 3.1773, aux_loss: 0.0000, lr: 0.00024815, epoch_time: 329.0min
Epoch:[1/2](101500/174872), loss: 3.4946, logits_loss: 3.4946, aux_loss: 0.0000, lr: 0.00024767, epoch_time: 327.0min
Epoch:[1/2](102000/174872), loss: 3.0004, logits_loss: 3.0004, aux_loss: 0.0000, lr: 0.00024719, epoch_time: 324.0min
Epoch:[1/2](102500/174872), loss: 2.8852, logits_loss: 2.8852, aux_loss: 0.0000, lr: 0.00024671, epoch_time: 322.0min
Epoch:[1/2](103000/174872), loss: 2.6643, logits_loss: 2.6643, aux_loss: 0.0000, lr: 0.00024623, epoch_time: 320.0min
Epoch:[1/2](103500/174872), loss: 2.3684, logits_loss: 2.3684, aux_loss: 0.0000, lr: 0.00024574, epoch_time: 318.0min
Epoch:[1/2](104000/174872), loss: 2.9627, logits_loss: 2.9627, aux_loss: 0.0000, lr: 0.00024525, epoch_time: 315.0min
Epoch:[1/2](104500/174872), loss: 2.6555, logits_loss: 2.6555, aux_loss: 0.0000, lr: 0.00024477, epoch_time: 313.0min
Epoch:[1/2](105000/174872), loss: 2.9678, logits_loss: 2.9678, aux_loss: 0.0000, lr: 0.00024428, epoch_time: 311.0min
Epoch:[1/2](105500/174872), loss: 2.9026, logits_loss: 2.9026, aux_loss: 0.0000, lr: 0.00024378, epoch_time: 309.0min
Epoch:[1/2](106000/174872), loss: 2.8773, logits_loss: 2.8773, aux_loss: 0.0000, lr: 0.00024329, epoch_time: 306.0min
Epoch:[1/2](106500/174872), loss: 3.1704, logits_loss: 3.1704, aux_loss: 0.0000, lr: 0.00024280, epoch_time: 304.0min
Epoch:[1/2](107000/174872), loss: 2.8692, logits_loss: 2.8692, aux_loss: 0.0000, lr: 0.00024230, epoch_time: 302.0min
Epoch:[1/2](107500/174872), loss: 2.8460, logits_loss: 2.8460, aux_loss: 0.0000, lr: 0.00024180, epoch_time: 300.0min
Epoch:[1/2](108000/174872), loss: 3.0022, logits_loss: 3.0022, aux_loss: 0.0000, lr: 0.00024130, epoch_time: 298.0min
Epoch:[1/2](108500/174872), loss: 2.8399, logits_loss: 2.8399, aux_loss: 0.0000, lr: 0.00024080, epoch_time: 295.0min
Epoch:[1/2](109000/174872), loss: 3.0484, logits_loss: 3.0484, aux_loss: 0.0000, lr: 0.00024030, epoch_time: 293.0min
Epoch:[1/2](109500/174872), loss: 3.1944, logits_loss: 3.1944, aux_loss: 0.0000, lr: 0.00023980, epoch_time: 291.0min
Epoch:[1/2](110000/174872), loss: 3.1813, logits_loss: 3.1813, aux_loss: 0.0000, lr: 0.00023929, epoch_time: 289.0min
Epoch:[1/2](110500/174872), loss: 2.9619, logits_loss: 2.9619, aux_loss: 0.0000, lr: 0.00023878, epoch_time: 286.0min
Epoch:[1/2](111000/174872), loss: 2.9108, logits_loss: 2.9108, aux_loss: 0.0000, lr: 0.00023827, epoch_time: 284.0min
Epoch:[1/2](111500/174872), loss: 2.7898, logits_loss: 2.7898, aux_loss: 0.0000, lr: 0.00023776, epoch_time: 282.0min
Epoch:[1/2](112000/174872), loss: 3.0760, logits_loss: 3.0760, aux_loss: 0.0000, lr: 0.00023725, epoch_time: 280.0min
Epoch:[1/2](112500/174872), loss: 3.2115, logits_loss: 3.2115, aux_loss: 0.0000, lr: 0.00023674, epoch_time: 278.0min
Epoch:[1/2](113000/174872), loss: 3.0568, logits_loss: 3.0568, aux_loss: 0.0000, lr: 0.00023623, epoch_time: 275.0min
Epoch:[1/2](113500/174872), loss: 2.8544, logits_loss: 2.8544, aux_loss: 0.0000, lr: 0.00023571, epoch_time: 273.0min
Epoch:[1/2](114000/174872), loss: 2.5853, logits_loss: 2.5853, aux_loss: 0.0000, lr: 0.00023519, epoch_time: 271.0min
Epoch:[1/2](114500/174872), loss: 2.9155, logits_loss: 2.9155, aux_loss: 0.0000, lr: 0.00023467, epoch_time: 269.0min
Epoch:[1/2](115000/174872), loss: 2.7190, logits_loss: 2.7190, aux_loss: 0.0000, lr: 0.00023415, epoch_time: 266.0min
Epoch:[1/2](115500/174872), loss: 2.9615, logits_loss: 2.9615, aux_loss: 0.0000, lr: 0.00023363, epoch_time: 264.0min
Epoch:[1/2](116000/174872), loss: 2.9255, logits_loss: 2.9255, aux_loss: 0.0000, lr: 0.00023311, epoch_time: 262.0min
Epoch:[1/2](116500/174872), loss: 2.7189, logits_loss: 2.7189, aux_loss: 0.0000, lr: 0.00023259, epoch_time: 260.0min
Epoch:[1/2](117000/174872), loss: 3.1673, logits_loss: 3.1673, aux_loss: 0.0000, lr: 0.00023206, epoch_time: 257.0min
Epoch:[1/2](117500/174872), loss: 2.7171, logits_loss: 2.7171, aux_loss: 0.0000, lr: 0.00023153, epoch_time: 255.0min
Epoch:[1/2](118000/174872), loss: 3.1127, logits_loss: 3.1127, aux_loss: 0.0000, lr: 0.00023100, epoch_time: 253.0min
Epoch:[1/2](118500/174872), loss: 3.3505, logits_loss: 3.3505, aux_loss: 0.0000, lr: 0.00023048, epoch_time: 251.0min
Epoch:[1/2](119000/174872), loss: 3.0743, logits_loss: 3.0743, aux_loss: 0.0000, lr: 0.00022994, epoch_time: 249.0min
Epoch:[1/2](119500/174872), loss: 3.0489, logits_loss: 3.0489, aux_loss: 0.0000, lr: 0.00022941, epoch_time: 247.0min
Epoch:[1/2](120000/174872), loss: 2.9821, logits_loss: 2.9821, aux_loss: 0.0000, lr: 0.00022888, epoch_time: 245.0min
Epoch:[1/2](120500/174872), loss: 2.8250, logits_loss: 2.8250, aux_loss: 0.0000, lr: 0.00022834, epoch_time: 242.0min
Epoch:[1/2](121000/174872), loss: 2.9339, logits_loss: 2.9339, aux_loss: 0.0000, lr: 0.00022781, epoch_time: 241.0min
Epoch:[1/2](121500/174872), loss: 2.5641, logits_loss: 2.5641, aux_loss: 0.0000, lr: 0.00022727, epoch_time: 238.0min
Epoch:[1/2](122000/174872), loss: 2.9261, logits_loss: 2.9261, aux_loss: 0.0000, lr: 0.00022673, epoch_time: 236.0min
Epoch:[1/2](122500/174872), loss: 3.1549, logits_loss: 3.1549, aux_loss: 0.0000, lr: 0.00022619, epoch_time: 233.0min
Epoch:[1/2](123000/174872), loss: 2.5902, logits_loss: 2.5902, aux_loss: 0.0000, lr: 0.00022565, epoch_time: 232.0min
Epoch:[1/2](123500/174872), loss: 3.1127, logits_loss: 3.1127, aux_loss: 0.0000, lr: 0.00022511, epoch_time: 230.0min
Epoch:[1/2](124000/174872), loss: 3.0778, logits_loss: 3.0778, aux_loss: 0.0000, lr: 0.00022457, epoch_time: 227.0min
Epoch:[1/2](124500/174872), loss: 2.8703, logits_loss: 2.8703, aux_loss: 0.0000, lr: 0.00022402, epoch_time: 226.0min
Epoch:[1/2](125000/174872), loss: 3.1438, logits_loss: 3.1438, aux_loss: 0.0000, lr: 0.00022347, epoch_time: 223.0min
Epoch:[1/2](125500/174872), loss: 2.9520, logits_loss: 2.9520, aux_loss: 0.0000, lr: 0.00022293, epoch_time: 222.0min
Epoch:[1/2](126000/174872), loss: 2.8218, logits_loss: 2.8218, aux_loss: 0.0000, lr: 0.00022238, epoch_time: 219.0min
Epoch:[1/2](126500/174872), loss: 2.6447, logits_loss: 2.6447, aux_loss: 0.0000, lr: 0.00022183, epoch_time: 217.0min
Epoch:[1/2](127000/174872), loss: 3.2078, logits_loss: 3.2078, aux_loss: 0.0000, lr: 0.00022128, epoch_time: 214.0min
Epoch:[1/2](127500/174872), loss: 3.1378, logits_loss: 3.1378, aux_loss: 0.0000, lr: 0.00022073, epoch_time: 212.0min
Epoch:[1/2](128000/174872), loss: 2.6734, logits_loss: 2.6734, aux_loss: 0.0000, lr: 0.00022017, epoch_time: 210.0min
Epoch:[1/2](128500/174872), loss: 3.1491, logits_loss: 3.1491, aux_loss: 0.0000, lr: 0.00021962, epoch_time: 207.0min
Epoch:[1/2](129000/174872), loss: 3.2552, logits_loss: 3.2552, aux_loss: 0.0000, lr: 0.00021907, epoch_time: 205.0min
Epoch:[1/2](129500/174872), loss: 3.2322, logits_loss: 3.2322, aux_loss: 0.0000, lr: 0.00021851, epoch_time: 203.0min
Epoch:[1/2](130000/174872), loss: 3.0581, logits_loss: 3.0581, aux_loss: 0.0000, lr: 0.00021795, epoch_time: 201.0min
Epoch:[1/2](130500/174872), loss: 3.0381, logits_loss: 3.0381, aux_loss: 0.0000, lr: 0.00021739, epoch_time: 198.0min
Epoch:[1/2](131000/174872), loss: 3.1243, logits_loss: 3.1243, aux_loss: 0.0000, lr: 0.00021683, epoch_time: 196.0min
Epoch:[1/2](131500/174872), loss: 2.9292, logits_loss: 2.9292, aux_loss: 0.0000, lr: 0.00021627, epoch_time: 194.0min
Epoch:[1/2](132000/174872), loss: 2.8859, logits_loss: 2.8859, aux_loss: 0.0000, lr: 0.00021571, epoch_time: 192.0min
Epoch:[1/2](132500/174872), loss: 2.8078, logits_loss: 2.8078, aux_loss: 0.0000, lr: 0.00021515, epoch_time: 190.0min
Epoch:[1/2](133000/174872), loss: 2.9306, logits_loss: 2.9306, aux_loss: 0.0000, lr: 0.00021459, epoch_time: 187.0min
Epoch:[1/2](133500/174872), loss: 3.1122, logits_loss: 3.1122, aux_loss: 0.0000, lr: 0.00021402, epoch_time: 185.0min
Epoch:[1/2](134000/174872), loss: 2.8933, logits_loss: 2.8933, aux_loss: 0.0000, lr: 0.00021346, epoch_time: 183.0min
Epoch:[1/2](134500/174872), loss: 3.4983, logits_loss: 3.4983, aux_loss: 0.0000, lr: 0.00021289, epoch_time: 181.0min
Epoch:[1/2](135000/174872), loss: 2.8193, logits_loss: 2.8193, aux_loss: 0.0000, lr: 0.00021232, epoch_time: 179.0min
Epoch:[1/2](135500/174872), loss: 3.0137, logits_loss: 3.0137, aux_loss: 0.0000, lr: 0.00021176, epoch_time: 176.0min
Epoch:[1/2](136000/174872), loss: 2.9855, logits_loss: 2.9855, aux_loss: 0.0000, lr: 0.00021119, epoch_time: 174.0min
Epoch:[1/2](136500/174872), loss: 2.7284, logits_loss: 2.7284, aux_loss: 0.0000, lr: 0.00021062, epoch_time: 172.0min
Epoch:[1/2](137000/174872), loss: 3.2399, logits_loss: 3.2399, aux_loss: 0.0000, lr: 0.00021004, epoch_time: 169.0min
Epoch:[1/2](137500/174872), loss: 2.8026, logits_loss: 2.8026, aux_loss: 0.0000, lr: 0.00020947, epoch_time: 167.0min
Epoch:[1/2](138000/174872), loss: 2.8040, logits_loss: 2.8040, aux_loss: 0.0000, lr: 0.00020890, epoch_time: 165.0min
Epoch:[1/2](138500/174872), loss: 3.0832, logits_loss: 3.0832, aux_loss: 0.0000, lr: 0.00020833, epoch_time: 163.0min
Epoch:[1/2](139000/174872), loss: 2.7480, logits_loss: 2.7480, aux_loss: 0.0000, lr: 0.00020775, epoch_time: 161.0min
Epoch:[1/2](139500/174872), loss: 2.8181, logits_loss: 2.8181, aux_loss: 0.0000, lr: 0.00020718, epoch_time: 159.0min
Epoch:[1/2](140000/174872), loss: 2.9723, logits_loss: 2.9723, aux_loss: 0.0000, lr: 0.00020660, epoch_time: 156.0min
Epoch:[1/2](140500/174872), loss: 2.8303, logits_loss: 2.8303, aux_loss: 0.0000, lr: 0.00020602, epoch_time: 154.0min
Epoch:[1/2](141000/174872), loss: 3.1615, logits_loss: 3.1615, aux_loss: 0.0000, lr: 0.00020544, epoch_time: 151.0min
Epoch:[1/2](141500/174872), loss: 3.4777, logits_loss: 3.4777, aux_loss: 0.0000, lr: 0.00020486, epoch_time: 149.0min
Epoch:[1/2](142000/174872), loss: 2.7486, logits_loss: 2.7486, aux_loss: 0.0000, lr: 0.00020429, epoch_time: 147.0min
Epoch:[1/2](142500/174872), loss: 2.9338, logits_loss: 2.9338, aux_loss: 0.0000, lr: 0.00020370, epoch_time: 145.0min
Epoch:[1/2](143000/174872), loss: 2.6420, logits_loss: 2.6420, aux_loss: 0.0000, lr: 0.00020312, epoch_time: 143.0min
Epoch:[1/2](143500/174872), loss: 3.4026, logits_loss: 3.4026, aux_loss: 0.0000, lr: 0.00020254, epoch_time: 140.0min
Epoch:[1/2](144000/174872), loss: 3.2507, logits_loss: 3.2507, aux_loss: 0.0000, lr: 0.00020196, epoch_time: 138.0min
Epoch:[1/2](144500/174872), loss: 2.8114, logits_loss: 2.8114, aux_loss: 0.0000, lr: 0.00020138, epoch_time: 136.0min
Epoch:[1/2](145000/174872), loss: 2.7891, logits_loss: 2.7891, aux_loss: 0.0000, lr: 0.00020079, epoch_time: 133.0min
Epoch:[1/2](145500/174872), loss: 3.1035, logits_loss: 3.1035, aux_loss: 0.0000, lr: 0.00020021, epoch_time: 131.0min
Epoch:[1/2](146000/174872), loss: 3.1408, logits_loss: 3.1408, aux_loss: 0.0000, lr: 0.00019962, epoch_time: 129.0min
Epoch:[1/2](146500/174872), loss: 3.2589, logits_loss: 3.2589, aux_loss: 0.0000, lr: 0.00019903, epoch_time: 127.0min
Epoch:[1/2](147000/174872), loss: 3.2442, logits_loss: 3.2442, aux_loss: 0.0000, lr: 0.00019845, epoch_time: 125.0min
Epoch:[1/2](147500/174872), loss: 3.2065, logits_loss: 3.2065, aux_loss: 0.0000, lr: 0.00019786, epoch_time: 123.0min
Epoch:[1/2](148000/174872), loss: 2.8847, logits_loss: 2.8847, aux_loss: 0.0000, lr: 0.00019727, epoch_time: 120.0min
Epoch:[1/2](148500/174872), loss: 3.1890, logits_loss: 3.1890, aux_loss: 0.0000, lr: 0.00019668, epoch_time: 118.0min
Epoch:[1/2](149000/174872), loss: 2.8818, logits_loss: 2.8818, aux_loss: 0.0000, lr: 0.00019609, epoch_time: 117.0min
Epoch:[1/2](149500/174872), loss: 2.9509, logits_loss: 2.9509, aux_loss: 0.0000, lr: 0.00019550, epoch_time: 114.0min
Epoch:[1/2](150000/174872), loss: 2.3965, logits_loss: 2.3965, aux_loss: 0.0000, lr: 0.00019491, epoch_time: 112.0min
Epoch:[1/2](150500/174872), loss: 2.9111, logits_loss: 2.9111, aux_loss: 0.0000, lr: 0.00019432, epoch_time: 110.0min
Epoch:[1/2](151000/174872), loss: 2.7294, logits_loss: 2.7294, aux_loss: 0.0000, lr: 0.00019373, epoch_time: 107.0min
Epoch:[1/2](151500/174872), loss: 3.0291, logits_loss: 3.0291, aux_loss: 0.0000, lr: 0.00019313, epoch_time: 105.0min
Epoch:[1/2](152000/174872), loss: 2.9854, logits_loss: 2.9854, aux_loss: 0.0000, lr: 0.00019254, epoch_time: 103.0min
Epoch:[1/2](152500/174872), loss: 3.6400, logits_loss: 3.6400, aux_loss: 0.0000, lr: 0.00019195, epoch_time: 101.0min
Epoch:[1/2](153000/174872), loss: 2.9627, logits_loss: 2.9627, aux_loss: 0.0000, lr: 0.00019135, epoch_time: 98.0min
Epoch:[1/2](153500/174872), loss: 2.9734, logits_loss: 2.9734, aux_loss: 0.0000, lr: 0.00019076, epoch_time: 96.0min
Epoch:[1/2](154000/174872), loss: 2.7382, logits_loss: 2.7382, aux_loss: 0.0000, lr: 0.00019016, epoch_time: 94.0min
Epoch:[1/2](154500/174872), loss: 2.9385, logits_loss: 2.9385, aux_loss: 0.0000, lr: 0.00018957, epoch_time: 91.0min
Epoch:[1/2](155000/174872), loss: 3.3218, logits_loss: 3.3218, aux_loss: 0.0000, lr: 0.00018897, epoch_time: 90.0min
Epoch:[1/2](155500/174872), loss: 3.0291, logits_loss: 3.0291, aux_loss: 0.0000, lr: 0.00018837, epoch_time: 88.0min
Epoch:[1/2](156000/174872), loss: 3.1760, logits_loss: 3.1760, aux_loss: 0.0000, lr: 0.00018778, epoch_time: 85.0min
Epoch:[1/2](156500/174872), loss: 3.3042, logits_loss: 3.3042, aux_loss: 0.0000, lr: 0.00018718, epoch_time: 83.0min
Epoch:[1/2](157000/174872), loss: 3.1389, logits_loss: 3.1389, aux_loss: 0.0000, lr: 0.00018658, epoch_time: 80.0min
Epoch:[1/2](157500/174872), loss: 2.8254, logits_loss: 2.8254, aux_loss: 0.0000, lr: 0.00018598, epoch_time: 79.0min
Epoch:[1/2](158000/174872), loss: 2.9882, logits_loss: 2.9882, aux_loss: 0.0000, lr: 0.00018538, epoch_time: 76.0min
Epoch:[1/2](158500/174872), loss: 3.0124, logits_loss: 3.0124, aux_loss: 0.0000, lr: 0.00018478, epoch_time: 74.0min
Epoch:[1/2](159000/174872), loss: 3.1281, logits_loss: 3.1281, aux_loss: 0.0000, lr: 0.00018418, epoch_time: 71.0min
Epoch:[1/2](159500/174872), loss: 3.1145, logits_loss: 3.1145, aux_loss: 0.0000, lr: 0.00018358, epoch_time: 70.0min
Epoch:[1/2](160000/174872), loss: 3.1962, logits_loss: 3.1962, aux_loss: 0.0000, lr: 0.00018298, epoch_time: 67.0min
Epoch:[1/2](160500/174872), loss: 2.7057, logits_loss: 2.7057, aux_loss: 0.0000, lr: 0.00018238, epoch_time: 65.0min
Epoch:[1/2](161000/174872), loss: 2.8810, logits_loss: 2.8810, aux_loss: 0.0000, lr: 0.00018178, epoch_time: 63.0min
Epoch:[1/2](161500/174872), loss: 3.3562, logits_loss: 3.3562, aux_loss: 0.0000, lr: 0.00018118, epoch_time: 61.0min
Epoch:[1/2](162000/174872), loss: 2.9830, logits_loss: 2.9830, aux_loss: 0.0000, lr: 0.00018057, epoch_time: 58.0min
Epoch:[1/2](162500/174872), loss: 2.6364, logits_loss: 2.6364, aux_loss: 0.0000, lr: 0.00017997, epoch_time: 56.0min
Epoch:[1/2](163000/174872), loss: 2.7842, logits_loss: 2.7842, aux_loss: 0.0000, lr: 0.00017937, epoch_time: 53.0min
Epoch:[1/2](163500/174872), loss: 3.5602, logits_loss: 3.5602, aux_loss: 0.0000, lr: 0.00017877, epoch_time: 52.0min
Epoch:[1/2](164000/174872), loss: 2.9701, logits_loss: 2.9701, aux_loss: 0.0000, lr: 0.00017816, epoch_time: 49.0min
Epoch:[1/2](164500/174872), loss: 2.9505, logits_loss: 2.9505, aux_loss: 0.0000, lr: 0.00017756, epoch_time: 47.0min
Epoch:[1/2](165000/174872), loss: 3.1881, logits_loss: 3.1881, aux_loss: 0.0000, lr: 0.00017696, epoch_time: 45.0min
Epoch:[1/2](165500/174872), loss: 3.3070, logits_loss: 3.3070, aux_loss: 0.0000, lr: 0.00017635, epoch_time: 43.0min
Epoch:[1/2](166000/174872), loss: 2.8137, logits_loss: 2.8137, aux_loss: 0.0000, lr: 0.00017575, epoch_time: 40.0min
Epoch:[1/2](166500/174872), loss: 3.0291, logits_loss: 3.0291, aux_loss: 0.0000, lr: 0.00017514, epoch_time: 38.0min
Epoch:[1/2](167000/174872), loss: 2.8957, logits_loss: 2.8957, aux_loss: 0.0000, lr: 0.00017454, epoch_time: 36.0min
Epoch:[1/2](167500/174872), loss: 2.9448, logits_loss: 2.9448, aux_loss: 0.0000, lr: 0.00017393, epoch_time: 33.0min
Epoch:[1/2](168000/174872), loss: 3.1160, logits_loss: 3.1160, aux_loss: 0.0000, lr: 0.00017333, epoch_time: 32.0min
Epoch:[1/2](168500/174872), loss: 3.0489, logits_loss: 3.0489, aux_loss: 0.0000, lr: 0.00017272, epoch_time: 29.0min
Epoch:[1/2](169000/174872), loss: 3.2270, logits_loss: 3.2270, aux_loss: 0.0000, lr: 0.00017212, epoch_time: 31.0min
Epoch:[1/2](169500/174872), loss: 2.7731, logits_loss: 2.7731, aux_loss: 0.0000, lr: 0.00017151, epoch_time: 29.0min
Epoch:[1/2](170000/174872), loss: 3.0103, logits_loss: 3.0103, aux_loss: 0.0000, lr: 0.00017091, epoch_time: 27.0min
Epoch:[1/2](170500/174872), loss: 2.9008, logits_loss: 2.9008, aux_loss: 0.0000, lr: 0.00017030, epoch_time: 24.0min
Epoch:[1/2](171000/174872), loss: 2.8832, logits_loss: 2.8832, aux_loss: 0.0000, lr: 0.00016969, epoch_time: 21.0min
Epoch:[1/2](171500/174872), loss: 2.7621, logits_loss: 2.7621, aux_loss: 0.0000, lr: 0.00016909, epoch_time: 18.0min
Epoch:[1/2](172000/174872), loss: 2.9221, logits_loss: 2.9221, aux_loss: 0.0000, lr: 0.00016848, epoch_time: 16.0min
Epoch:[1/2](172500/174872), loss: 3.5259, logits_loss: 3.5259, aux_loss: 0.0000, lr: 0.00016788, epoch_time: 13.0min
Epoch:[1/2](173000/174872), loss: 3.1149, logits_loss: 3.1149, aux_loss: 0.0000, lr: 0.00016727, epoch_time: 11.0min
Epoch:[1/2](173500/174872), loss: 3.2350, logits_loss: 3.2350, aux_loss: 0.0000, lr: 0.00016666, epoch_time: 8.0min
Epoch:[1/2](174000/174872), loss: 3.2402, logits_loss: 3.2402, aux_loss: 0.0000, lr: 0.00016606, epoch_time: 5.0min
Epoch:[1/2](174500/174872), loss: 3.6022, logits_loss: 3.6022, aux_loss: 0.0000, lr: 0.00016545, epoch_time: 2.0min
Epoch:[1/2](174872/174872), loss: 2.4899, logits_loss: 2.4899, aux_loss: 0.0000, lr: 0.00016500, epoch_time: 0.0min
val_loss: 4.1352 (time: 957.3min)
Epoch:[2/2](500/174872), loss: 2.8580, logits_loss: 2.8580, aux_loss: 0.0000, lr: 0.00016439, epoch_time: 859.0min
Epoch:[2/2](1000/174872), loss: 3.1781, logits_loss: 3.1781, aux_loss: 0.0000, lr: 0.00016379, epoch_time: 806.0min
Epoch:[2/2](1500/174872), loss: 3.4470, logits_loss: 3.4470, aux_loss: 0.0000, lr: 0.00016318, epoch_time: 790.0min
Epoch:[2/2](2000/174872), loss: 2.7510, logits_loss: 2.7510, aux_loss: 0.0000, lr: 0.00016257, epoch_time: 782.0min
Epoch:[2/2](2500/174872), loss: 3.3569, logits_loss: 3.3569, aux_loss: 0.0000, lr: 0.00016197, epoch_time: 779.0min
Epoch:[2/2](3000/174872), loss: 2.9691, logits_loss: 2.9691, aux_loss: 0.0000, lr: 0.00016136, epoch_time: 778.0min
Epoch:[2/2](3500/174872), loss: 2.8499, logits_loss: 2.8499, aux_loss: 0.0000, lr: 0.00016076, epoch_time: 776.0min
Epoch:[2/2](4000/174872), loss: 3.1427, logits_loss: 3.1427, aux_loss: 0.0000, lr: 0.00016015, epoch_time: 775.0min
Epoch:[2/2](4500/174872), loss: 2.9556, logits_loss: 2.9556, aux_loss: 0.0000, lr: 0.00015954, epoch_time: 773.0min
Epoch:[2/2](5000/174872), loss: 2.7606, logits_loss: 2.7606, aux_loss: 0.0000, lr: 0.00015894, epoch_time: 771.0min
Epoch:[2/2](5500/174872), loss: 2.8620, logits_loss: 2.8620, aux_loss: 0.0000, lr: 0.00015833, epoch_time: 770.0min
Epoch:[2/2](6000/174872), loss: 2.6303, logits_loss: 2.6303, aux_loss: 0.0000, lr: 0.00015773, epoch_time: 768.0min
Epoch:[2/2](6500/174872), loss: 3.1653, logits_loss: 3.1653, aux_loss: 0.0000, lr: 0.00015712, epoch_time: 767.0min
Epoch:[2/2](7000/174872), loss: 2.8594, logits_loss: 2.8594, aux_loss: 0.0000, lr: 0.00015652, epoch_time: 767.0min
Epoch:[2/2](7500/174872), loss: 2.8716, logits_loss: 2.8716, aux_loss: 0.0000, lr: 0.00015591, epoch_time: 765.0min
Epoch:[2/2](8000/174872), loss: 2.9270, logits_loss: 2.9270, aux_loss: 0.0000, lr: 0.00015531, epoch_time: 764.0min
Epoch:[2/2](8500/174872), loss: 2.4745, logits_loss: 2.4745, aux_loss: 0.0000, lr: 0.00015470, epoch_time: 762.0min
Epoch:[2/2](9000/174872), loss: 2.8718, logits_loss: 2.8718, aux_loss: 0.0000, lr: 0.00015410, epoch_time: 760.0min
Epoch:[2/2](9500/174872), loss: 2.7602, logits_loss: 2.7602, aux_loss: 0.0000, lr: 0.00015349, epoch_time: 759.0min
Epoch:[2/2](10000/174872), loss: 2.8736, logits_loss: 2.8736, aux_loss: 0.0000, lr: 0.00015289, epoch_time: 758.0min
Epoch:[2/2](10500/174872), loss: 2.6934, logits_loss: 2.6934, aux_loss: 0.0000, lr: 0.00015229, epoch_time: 756.0min
Epoch:[2/2](11000/174872), loss: 2.7153, logits_loss: 2.7153, aux_loss: 0.0000, lr: 0.00015168, epoch_time: 756.0min
Epoch:[2/2](11500/174872), loss: 2.6482, logits_loss: 2.6482, aux_loss: 0.0000, lr: 0.00015108, epoch_time: 754.0min
Epoch:[2/2](12000/174872), loss: 2.6694, logits_loss: 2.6694, aux_loss: 0.0000, lr: 0.00015048, epoch_time: 752.0min
Epoch:[2/2](12500/174872), loss: 2.5251, logits_loss: 2.5251, aux_loss: 0.0000, lr: 0.00014987, epoch_time: 750.0min
Epoch:[2/2](13000/174872), loss: 2.9248, logits_loss: 2.9248, aux_loss: 0.0000, lr: 0.00014927, epoch_time: 748.0min
Epoch:[2/2](13500/174872), loss: 2.7099, logits_loss: 2.7099, aux_loss: 0.0000, lr: 0.00014867, epoch_time: 747.0min
Epoch:[2/2](14000/174872), loss: 2.5962, logits_loss: 2.5962, aux_loss: 0.0000, lr: 0.00014807, epoch_time: 745.0min
Epoch:[2/2](14500/174872), loss: 2.3304, logits_loss: 2.3304, aux_loss: 0.0000, lr: 0.00014747, epoch_time: 742.0min
Epoch:[2/2](15000/174872), loss: 2.7443, logits_loss: 2.7443, aux_loss: 0.0000, lr: 0.00014687, epoch_time: 981.0min
Epoch:[2/2](15500/174872), loss: 2.5789, logits_loss: 2.5789, aux_loss: 0.0000, lr: 0.00014626, epoch_time: 2273.0min
Epoch:[2/2](16000/174872), loss: 2.5478, logits_loss: 2.5478, aux_loss: 0.0000, lr: 0.00014566, epoch_time: 3011.0min
Epoch:[2/2](16500/174872), loss: 3.1077, logits_loss: 3.1077, aux_loss: 0.0000, lr: 0.00014506, epoch_time: 2928.0min
Epoch:[2/2](17000/174872), loss: 2.6520, logits_loss: 2.6520, aux_loss: 0.0000, lr: 0.00014447, epoch_time: 3297.0min
Epoch:[2/2](17500/174872), loss: 3.0796, logits_loss: 3.0796, aux_loss: 0.0000, lr: 0.00014387, epoch_time: 3210.0min
Epoch:[2/2](18000/174872), loss: 2.7549, logits_loss: 2.7549, aux_loss: 0.0000, lr: 0.00014327, epoch_time: 3127.0min
Epoch:[2/2](18500/174872), loss: 3.1724, logits_loss: 3.1724, aux_loss: 0.0000, lr: 0.00014267, epoch_time: 3051.0min
Epoch:[2/2](19000/174872), loss: 2.7990, logits_loss: 2.7990, aux_loss: 0.0000, lr: 0.00014207, epoch_time: 2978.0min
Epoch:[2/2](19500/174872), loss: 2.7205, logits_loss: 2.7205, aux_loss: 0.0000, lr: 0.00014147, epoch_time: 2912.0min
Epoch:[2/2](20000/174872), loss: 2.5444, logits_loss: 2.5444, aux_loss: 0.0000, lr: 0.00014088, epoch_time: 2850.0min
Epoch:[2/2](20500/174872), loss: 2.7755, logits_loss: 2.7755, aux_loss: 0.0000, lr: 0.00014028, epoch_time: 2789.0min
Epoch:[2/2](21000/174872), loss: 2.9864, logits_loss: 2.9864, aux_loss: 0.0000, lr: 0.00013969, epoch_time: 2729.0min
Epoch:[2/2](21500/174872), loss: 3.0918, logits_loss: 3.0918, aux_loss: 0.0000, lr: 0.00013909, epoch_time: 2672.0min
Epoch:[2/2](22000/174872), loss: 2.9947, logits_loss: 2.9947, aux_loss: 0.0000, lr: 0.00013850, epoch_time: 2620.0min
Epoch:[2/2](22500/174872), loss: 2.6756, logits_loss: 2.6756, aux_loss: 0.0000, lr: 0.00013790, epoch_time: 2570.0min
Epoch:[2/2](23000/174872), loss: 2.8659, logits_loss: 2.8659, aux_loss: 0.0000, lr: 0.00013731, epoch_time: 2522.0min
Epoch:[2/2](23500/174872), loss: 3.1957, logits_loss: 3.1957, aux_loss: 0.0000, lr: 0.00013671, epoch_time: 2477.0min
Epoch:[2/2](24000/174872), loss: 2.8286, logits_loss: 2.8286, aux_loss: 0.0000, lr: 0.00013612, epoch_time: 2433.0min
Epoch:[2/2](24500/174872), loss: 2.8438, logits_loss: 2.8438, aux_loss: 0.0000, lr: 0.00013553, epoch_time: 2390.0min
Epoch:[2/2](25000/174872), loss: 2.6458, logits_loss: 2.6458, aux_loss: 0.0000, lr: 0.00013494, epoch_time: 2349.0min
Epoch:[2/2](25500/174872), loss: 2.7642, logits_loss: 2.7642, aux_loss: 0.0000, lr: 0.00013435, epoch_time: 2306.0min
Epoch:[2/2](26000/174872), loss: 2.8617, logits_loss: 2.8617, aux_loss: 0.0000, lr: 0.00013376, epoch_time: 2266.0min
Epoch:[2/2](26500/174872), loss: 2.6036, logits_loss: 2.6036, aux_loss: 0.0000, lr: 0.00013317, epoch_time: 2228.0min
Epoch:[2/2](27000/174872), loss: 3.4663, logits_loss: 3.4663, aux_loss: 0.0000, lr: 0.00013258, epoch_time: 2191.0min
Epoch:[2/2](27500/174872), loss: 2.8064, logits_loss: 2.8064, aux_loss: 0.0000, lr: 0.00013199, epoch_time: 2156.0min
Epoch:[2/2](28000/174872), loss: 3.2927, logits_loss: 3.2927, aux_loss: 0.0000, lr: 0.00013140, epoch_time: 2121.0min
Epoch:[2/2](28500/174872), loss: 2.9903, logits_loss: 2.9903, aux_loss: 0.0000, lr: 0.00013082, epoch_time: 2086.0min
Epoch:[2/2](29000/174872), loss: 2.4713, logits_loss: 2.4713, aux_loss: 0.0000, lr: 0.00013023, epoch_time: 2054.0min
Epoch:[2/2](29500/174872), loss: 2.7635, logits_loss: 2.7635, aux_loss: 0.0000, lr: 0.00012964, epoch_time: 2022.0min
Epoch:[2/2](30000/174872), loss: 2.9413, logits_loss: 2.9413, aux_loss: 0.0000, lr: 0.00012906, epoch_time: 1992.0min
Epoch:[2/2](30500/174872), loss: 2.7833, logits_loss: 2.7833, aux_loss: 0.0000, lr: 0.00012848, epoch_time: 1963.0min
Epoch:[2/2](31000/174872), loss: 2.4934, logits_loss: 2.4934, aux_loss: 0.0000, lr: 0.00012789, epoch_time: 1935.0min
Epoch:[2/2](31500/174872), loss: 2.7762, logits_loss: 2.7762, aux_loss: 0.0000, lr: 0.00012731, epoch_time: 1907.0min
Epoch:[2/2](32000/174872), loss: 2.7346, logits_loss: 2.7346, aux_loss: 0.0000, lr: 0.00012673, epoch_time: 1880.0min
Epoch:[2/2](32500/174872), loss: 2.4962, logits_loss: 2.4962, aux_loss: 0.0000, lr: 0.00012615, epoch_time: 1855.0min
Epoch:[2/2](33000/174872), loss: 3.3047, logits_loss: 3.3047, aux_loss: 0.0000, lr: 0.00012557, epoch_time: 1831.0min
Epoch:[2/2](33500/174872), loss: 2.6265, logits_loss: 2.6265, aux_loss: 0.0000, lr: 0.00012499, epoch_time: 1806.0min
Epoch:[2/2](34000/174872), loss: 3.0657, logits_loss: 3.0657, aux_loss: 0.0000, lr: 0.00012441, epoch_time: 1783.0min
Epoch:[2/2](34500/174872), loss: 2.9034, logits_loss: 2.9034, aux_loss: 0.0000, lr: 0.00012383, epoch_time: 1761.0min
Epoch:[2/2](35000/174872), loss: 2.9665, logits_loss: 2.9665, aux_loss: 0.0000, lr: 0.00012325, epoch_time: 1738.0min
Epoch:[2/2](35500/174872), loss: 3.0058, logits_loss: 3.0058, aux_loss: 0.0000, lr: 0.00012268, epoch_time: 1717.0min
Epoch:[2/2](36000/174872), loss: 3.1256, logits_loss: 3.1256, aux_loss: 0.0000, lr: 0.00012210, epoch_time: 1697.0min
Epoch:[2/2](36500/174872), loss: 2.7112, logits_loss: 2.7112, aux_loss: 0.0000, lr: 0.00012153, epoch_time: 1675.0min
Epoch:[2/2](37000/174872), loss: 3.2825, logits_loss: 3.2825, aux_loss: 0.0000, lr: 0.00012095, epoch_time: 1655.0min
Epoch:[2/2](37500/174872), loss: 2.7133, logits_loss: 2.7133, aux_loss: 0.0000, lr: 0.00012038, epoch_time: 1636.0min
Epoch:[2/2](38000/174872), loss: 2.4299, logits_loss: 2.4299, aux_loss: 0.0000, lr: 0.00011981, epoch_time: 1617.0min
Epoch:[2/2](38500/174872), loss: 2.5370, logits_loss: 2.5370, aux_loss: 0.0000, lr: 0.00011924, epoch_time: 1597.0min
Epoch:[2/2](39000/174872), loss: 2.6487, logits_loss: 2.6487, aux_loss: 0.0000, lr: 0.00011867, epoch_time: 1579.0min
Epoch:[2/2](39500/174872), loss: 2.6591, logits_loss: 2.6591, aux_loss: 0.0000, lr: 0.00011810, epoch_time: 1562.0min
Epoch:[2/2](40000/174872), loss: 2.8309, logits_loss: 2.8309, aux_loss: 0.0000, lr: 0.00011753, epoch_time: 1544.0min
Epoch:[2/2](40500/174872), loss: 2.8335, logits_loss: 2.8335, aux_loss: 0.0000, lr: 0.00011696, epoch_time: 1526.0min
Epoch:[2/2](41000/174872), loss: 2.3898, logits_loss: 2.3898, aux_loss: 0.0000, lr: 0.00011640, epoch_time: 1509.0min
Epoch:[2/2](41500/174872), loss: 2.5827, logits_loss: 2.5827, aux_loss: 0.0000, lr: 0.00011583, epoch_time: 1494.0min
Epoch:[2/2](42000/174872), loss: 2.6028, logits_loss: 2.6028, aux_loss: 0.0000, lr: 0.00011527, epoch_time: 1478.0min
Epoch:[2/2](42500/174872), loss: 2.8183, logits_loss: 2.8183, aux_loss: 0.0000, lr: 0.00011471, epoch_time: 1464.0min
Epoch:[2/2](43000/174872), loss: 2.6598, logits_loss: 2.6598, aux_loss: 0.0000, lr: 0.00011414, epoch_time: 1448.0min
Epoch:[2/2](43500/174872), loss: 3.0428, logits_loss: 3.0428, aux_loss: 0.0000, lr: 0.00011358, epoch_time: 1435.0min
Epoch:[2/2](44000/174872), loss: 2.5983, logits_loss: 2.5983, aux_loss: 0.0000, lr: 0.00011302, epoch_time: 1421.0min
Epoch:[2/2](44500/174872), loss: 3.0383, logits_loss: 3.0383, aux_loss: 0.0000, lr: 0.00011246, epoch_time: 1407.0min
Epoch:[2/2](45000/174872), loss: 2.5774, logits_loss: 2.5774, aux_loss: 0.0000, lr: 0.00011190, epoch_time: 1393.0min
Epoch:[2/2](45500/174872), loss: 2.6416, logits_loss: 2.6416, aux_loss: 0.0000, lr: 0.00011135, epoch_time: 1378.0min
Epoch:[2/2](46000/174872), loss: 2.5824, logits_loss: 2.5824, aux_loss: 0.0000, lr: 0.00011079, epoch_time: 1364.0min
Epoch:[2/2](46500/174872), loss: 2.7890, logits_loss: 2.7890, aux_loss: 0.0000, lr: 0.00011024, epoch_time: 1350.0min
Epoch:[2/2](47000/174872), loss: 3.0563, logits_loss: 3.0563, aux_loss: 0.0000, lr: 0.00010968, epoch_time: 1336.0min
Epoch:[2/2](47500/174872), loss: 2.7732, logits_loss: 2.7732, aux_loss: 0.0000, lr: 0.00010913, epoch_time: 1322.0min
Epoch:[2/2](48000/174872), loss: 2.9517, logits_loss: 2.9517, aux_loss: 0.0000, lr: 0.00010858, epoch_time: 1308.0min
Epoch:[2/2](48500/174872), loss: 2.8182, logits_loss: 2.8182, aux_loss: 0.0000, lr: 0.00010803, epoch_time: 1295.0min
Epoch:[2/2](49000/174872), loss: 2.7481, logits_loss: 2.7481, aux_loss: 0.0000, lr: 0.00010748, epoch_time: 1282.0min
Epoch:[2/2](49500/174872), loss: 2.7079, logits_loss: 2.7079, aux_loss: 0.0000, lr: 0.00010693, epoch_time: 1269.0min
Epoch:[2/2](50000/174872), loss: 2.9214, logits_loss: 2.9214, aux_loss: 0.0000, lr: 0.00010639, epoch_time: 1257.0min
Epoch:[2/2](50500/174872), loss: 2.7633, logits_loss: 2.7633, aux_loss: 0.0000, lr: 0.00010584, epoch_time: 1245.0min
Epoch:[2/2](51000/174872), loss: 2.7448, logits_loss: 2.7448, aux_loss: 0.0000, lr: 0.00010530, epoch_time: 1233.0min
Epoch:[2/2](51500/174872), loss: 3.0552, logits_loss: 3.0552, aux_loss: 0.0000, lr: 0.00010475, epoch_time: 1221.0min
Epoch:[2/2](52000/174872), loss: 2.3267, logits_loss: 2.3267, aux_loss: 0.0000, lr: 0.00010421, epoch_time: 1209.0min
Epoch:[2/2](52500/174872), loss: 2.7002, logits_loss: 2.7002, aux_loss: 0.0000, lr: 0.00010367, epoch_time: 1198.0min
Epoch:[2/2](53000/174872), loss: 2.7671, logits_loss: 2.7671, aux_loss: 0.0000, lr: 0.00010313, epoch_time: 1186.0min
Epoch:[2/2](53500/174872), loss: 2.8366, logits_loss: 2.8366, aux_loss: 0.0000, lr: 0.00010259, epoch_time: 1175.0min
Epoch:[2/2](54000/174872), loss: 3.0845, logits_loss: 3.0845, aux_loss: 0.0000, lr: 0.00010205, epoch_time: 1164.0min
Epoch:[2/2](54500/174872), loss: 2.6913, logits_loss: 2.6913, aux_loss: 0.0000, lr: 0.00010152, epoch_time: 1152.0min
Epoch:[2/2](55000/174872), loss: 2.6973, logits_loss: 2.6973, aux_loss: 0.0000, lr: 0.00010098, epoch_time: 1142.0min
Epoch:[2/2](55500/174872), loss: 2.9461, logits_loss: 2.9461, aux_loss: 0.0000, lr: 0.00010045, epoch_time: 1131.0min
Epoch:[2/2](56000/174872), loss: 3.1926, logits_loss: 3.1926, aux_loss: 0.0000, lr: 0.00009992, epoch_time: 1121.0min
Epoch:[2/2](56500/174872), loss: 3.4116, logits_loss: 3.4116, aux_loss: 0.0000, lr: 0.00009939, epoch_time: 1110.0min
Epoch:[2/2](57000/174872), loss: 2.4285, logits_loss: 2.4285, aux_loss: 0.0000, lr: 0.00009886, epoch_time: 1100.0min
Epoch:[2/2](57500/174872), loss: 2.8086, logits_loss: 2.8086, aux_loss: 0.0000, lr: 0.00009833, epoch_time: 1090.0min
Epoch:[2/2](58000/174872), loss: 2.9216, logits_loss: 2.9216, aux_loss: 0.0000, lr: 0.00009781, epoch_time: 1080.0min
Epoch:[2/2](58500/174872), loss: 2.7541, logits_loss: 2.7541, aux_loss: 0.0000, lr: 0.00009728, epoch_time: 1070.0min
Epoch:[2/2](59000/174872), loss: 2.3623, logits_loss: 2.3623, aux_loss: 0.0000, lr: 0.00009676, epoch_time: 1060.0min
Epoch:[2/2](59500/174872), loss: 2.8792, logits_loss: 2.8792, aux_loss: 0.0000, lr: 0.00009623, epoch_time: 1051.0min
Epoch:[2/2](60000/174872), loss: 2.8485, logits_loss: 2.8485, aux_loss: 0.0000, lr: 0.00009571, epoch_time: 1041.0min
Epoch:[2/2](60500/174872), loss: 2.8483, logits_loss: 2.8483, aux_loss: 0.0000, lr: 0.00009519, epoch_time: 1032.0min
Epoch:[2/2](61000/174872), loss: 2.8698, logits_loss: 2.8698, aux_loss: 0.0000, lr: 0.00009467, epoch_time: 1023.0min
Epoch:[2/2](61500/174872), loss: 2.6894, logits_loss: 2.6894, aux_loss: 0.0000, lr: 0.00009416, epoch_time: 1014.0min
Epoch:[2/2](62000/174872), loss: 3.0619, logits_loss: 3.0619, aux_loss: 0.0000, lr: 0.00009364, epoch_time: 1004.0min
Epoch:[2/2](62500/174872), loss: 2.3739, logits_loss: 2.3739, aux_loss: 0.0000, lr: 0.00009313, epoch_time: 996.0min
Epoch:[2/2](63000/174872), loss: 2.6671, logits_loss: 2.6671, aux_loss: 0.0000, lr: 0.00009262, epoch_time: 988.0min
Epoch:[2/2](63500/174872), loss: 3.0064, logits_loss: 3.0064, aux_loss: 0.0000, lr: 0.00009211, epoch_time: 979.0min
Epoch:[2/2](64000/174872), loss: 3.0955, logits_loss: 3.0955, aux_loss: 0.0000, lr: 0.00009160, epoch_time: 970.0min
Epoch:[2/2](64500/174872), loss: 2.6450, logits_loss: 2.6450, aux_loss: 0.0000, lr: 0.00009109, epoch_time: 962.0min
Epoch:[2/2](65000/174872), loss: 2.6526, logits_loss: 2.6526, aux_loss: 0.0000, lr: 0.00009058, epoch_time: 954.0min
Epoch:[2/2](65500/174872), loss: 2.8505, logits_loss: 2.8505, aux_loss: 0.0000, lr: 0.00009008, epoch_time: 945.0min
Epoch:[2/2](66000/174872), loss: 2.5872, logits_loss: 2.5872, aux_loss: 0.0000, lr: 0.00008957, epoch_time: 937.0min
Epoch:[2/2](66500/174872), loss: 2.7735, logits_loss: 2.7735, aux_loss: 0.0000, lr: 0.00008907, epoch_time: 929.0min
Epoch:[2/2](67000/174872), loss: 2.7148, logits_loss: 2.7148, aux_loss: 0.0000, lr: 0.00008857, epoch_time: 921.0min
Epoch:[2/2](67500/174872), loss: 3.0523, logits_loss: 3.0523, aux_loss: 0.0000, lr: 0.00008807, epoch_time: 913.0min
Epoch:[2/2](68000/174872), loss: 2.8558, logits_loss: 2.8558, aux_loss: 0.0000, lr: 0.00008757, epoch_time: 905.0min
Epoch:[2/2](68500/174872), loss: 3.1526, logits_loss: 3.1526, aux_loss: 0.0000, lr: 0.00008708, epoch_time: 898.0min
Epoch:[2/2](69000/174872), loss: 2.9265, logits_loss: 2.9265, aux_loss: 0.0000, lr: 0.00008658, epoch_time: 890.0min
Epoch:[2/2](69500/174872), loss: 3.0373, logits_loss: 3.0373, aux_loss: 0.0000, lr: 0.00008609, epoch_time: 882.0min
Epoch:[2/2](70000/174872), loss: 2.8907, logits_loss: 2.8907, aux_loss: 0.0000, lr: 0.00008560, epoch_time: 875.0min
Epoch:[2/2](70500/174872), loss: 3.0067, logits_loss: 3.0067, aux_loss: 0.0000, lr: 0.00008511, epoch_time: 867.0min
Epoch:[2/2](71000/174872), loss: 2.5229, logits_loss: 2.5229, aux_loss: 0.0000, lr: 0.00008462, epoch_time: 860.0min
Epoch:[2/2](71500/174872), loss: 2.5802, logits_loss: 2.5802, aux_loss: 0.0000, lr: 0.00008413, epoch_time: 853.0min
Epoch:[2/2](72000/174872), loss: 2.7557, logits_loss: 2.7557, aux_loss: 0.0000, lr: 0.00008365, epoch_time: 846.0min
Epoch:[2/2](72500/174872), loss: 3.0053, logits_loss: 3.0053, aux_loss: 0.0000, lr: 0.00008317, epoch_time: 839.0min
Epoch:[2/2](73000/174872), loss: 3.1834, logits_loss: 3.1834, aux_loss: 0.0000, lr: 0.00008269, epoch_time: 831.0min
Epoch:[2/2](73500/174872), loss: 3.1933, logits_loss: 3.1933, aux_loss: 0.0000, lr: 0.00008221, epoch_time: 825.0min
Epoch:[2/2](74000/174872), loss: 2.5802, logits_loss: 2.5802, aux_loss: 0.0000, lr: 0.00008173, epoch_time: 818.0min
Epoch:[2/2](74500/174872), loss: 2.6258, logits_loss: 2.6258, aux_loss: 0.0000, lr: 0.00008125, epoch_time: 811.0min
Epoch:[2/2](75000/174872), loss: 2.8918, logits_loss: 2.8918, aux_loss: 0.0000, lr: 0.00008078, epoch_time: 805.0min
Epoch:[2/2](75500/174872), loss: 2.6040, logits_loss: 2.6040, aux_loss: 0.0000, lr: 0.00008030, epoch_time: 799.0min
Epoch:[2/2](76000/174872), loss: 2.6104, logits_loss: 2.6104, aux_loss: 0.0000, lr: 0.00007983, epoch_time: 793.0min
Epoch:[2/2](76500/174872), loss: 2.5759, logits_loss: 2.5759, aux_loss: 0.0000, lr: 0.00007936, epoch_time: 785.0min
Epoch:[2/2](77000/174872), loss: 2.9324, logits_loss: 2.9324, aux_loss: 0.0000, lr: 0.00007890, epoch_time: 779.0min
Epoch:[2/2](77500/174872), loss: 2.5346, logits_loss: 2.5346, aux_loss: 0.0000, lr: 0.00007843, epoch_time: 773.0min
Epoch:[2/2](78000/174872), loss: 2.4410, logits_loss: 2.4410, aux_loss: 0.0000, lr: 0.00007796, epoch_time: 767.0min
Epoch:[2/2](78500/174872), loss: 3.3915, logits_loss: 3.3915, aux_loss: 0.0000, lr: 0.00007750, epoch_time: 762.0min
Epoch:[2/2](79000/174872), loss: 2.9640, logits_loss: 2.9640, aux_loss: 0.0000, lr: 0.00007704, epoch_time: 755.0min
Epoch:[2/2](79500/174872), loss: 2.5466, logits_loss: 2.5466, aux_loss: 0.0000, lr: 0.00007658, epoch_time: 749.0min
Epoch:[2/2](80000/174872), loss: 2.7985, logits_loss: 2.7985, aux_loss: 0.0000, lr: 0.00007612, epoch_time: 743.0min
Epoch:[2/2](80500/174872), loss: 2.7530, logits_loss: 2.7530, aux_loss: 0.0000, lr: 0.00007567, epoch_time: 738.0min
Epoch:[2/2](81000/174872), loss: 2.9892, logits_loss: 2.9892, aux_loss: 0.0000, lr: 0.00007522, epoch_time: 731.0min
Epoch:[2/2](81500/174872), loss: 2.4516, logits_loss: 2.4516, aux_loss: 0.0000, lr: 0.00007476, epoch_time: 726.0min
Epoch:[2/2](82000/174872), loss: 2.5408, logits_loss: 2.5408, aux_loss: 0.0000, lr: 0.00007431, epoch_time: 720.0min
Epoch:[2/2](82500/174872), loss: 2.6994, logits_loss: 2.6994, aux_loss: 0.0000, lr: 0.00007387, epoch_time: 715.0min
Epoch:[2/2](83000/174872), loss: 3.0901, logits_loss: 3.0901, aux_loss: 0.0000, lr: 0.00007342, epoch_time: 708.0min
Epoch:[2/2](83500/174872), loss: 2.8329, logits_loss: 2.8329, aux_loss: 0.0000, lr: 0.00007297, epoch_time: 703.0min
Epoch:[2/2](84000/174872), loss: 2.8579, logits_loss: 2.8579, aux_loss: 0.0000, lr: 0.00007253, epoch_time: 698.0min
Epoch:[2/2](84500/174872), loss: 2.8744, logits_loss: 2.8744, aux_loss: 0.0000, lr: 0.00007209, epoch_time: 692.0min
Epoch:[2/2](85000/174872), loss: 2.3773, logits_loss: 2.3773, aux_loss: 0.0000, lr: 0.00007165, epoch_time: 686.0min
Epoch:[2/2](85500/174872), loss: 2.4442, logits_loss: 2.4442, aux_loss: 0.0000, lr: 0.00007121, epoch_time: 681.0min
Epoch:[2/2](86000/174872), loss: 2.9344, logits_loss: 2.9344, aux_loss: 0.0000, lr: 0.00007078, epoch_time: 676.0min
Epoch:[2/2](86500/174872), loss: 2.6407, logits_loss: 2.6407, aux_loss: 0.0000, lr: 0.00007035, epoch_time: 670.0min
Epoch:[2/2](87000/174872), loss: 2.2569, logits_loss: 2.2569, aux_loss: 0.0000, lr: 0.00006992, epoch_time: 665.0min
Epoch:[2/2](87500/174872), loss: 2.6744, logits_loss: 2.6744, aux_loss: 0.0000, lr: 0.00006949, epoch_time: 660.0min
Epoch:[2/2](88000/174872), loss: 2.4381, logits_loss: 2.4381, aux_loss: 0.0000, lr: 0.00006906, epoch_time: 655.0min
Epoch:[2/2](88500/174872), loss: 2.4366, logits_loss: 2.4366, aux_loss: 0.0000, lr: 0.00006863, epoch_time: 649.0min
Epoch:[2/2](89000/174872), loss: 2.9909, logits_loss: 2.9909, aux_loss: 0.0000, lr: 0.00006821, epoch_time: 644.0min
Epoch:[2/2](89500/174872), loss: 2.9499, logits_loss: 2.9499, aux_loss: 0.0000, lr: 0.00006779, epoch_time: 639.0min
Epoch:[2/2](90000/174872), loss: 2.2715, logits_loss: 2.2715, aux_loss: 0.0000, lr: 0.00006737, epoch_time: 634.0min
Epoch:[2/2](90500/174872), loss: 2.9944, logits_loss: 2.9944, aux_loss: 0.0000, lr: 0.00006695, epoch_time: 628.0min
Epoch:[2/2](91000/174872), loss: 2.5779, logits_loss: 2.5779, aux_loss: 0.0000, lr: 0.00006653, epoch_time: 623.0min
Epoch:[2/2](91500/174872), loss: 2.8170, logits_loss: 2.8170, aux_loss: 0.0000, lr: 0.00006612, epoch_time: 618.0min
Epoch:[2/2](92000/174872), loss: 2.5863, logits_loss: 2.5863, aux_loss: 0.0000, lr: 0.00006571, epoch_time: 614.0min
Epoch:[2/2](92500/174872), loss: 2.3523, logits_loss: 2.3523, aux_loss: 0.0000, lr: 0.00006530, epoch_time: 608.0min
Epoch:[2/2](93000/174872), loss: 2.7032, logits_loss: 2.7032, aux_loss: 0.0000, lr: 0.00006489, epoch_time: 603.0min
Epoch:[2/2](93500/174872), loss: 2.5718, logits_loss: 2.5718, aux_loss: 0.0000, lr: 0.00006449, epoch_time: 598.0min
Epoch:[2/2](94000/174872), loss: 2.4903, logits_loss: 2.4903, aux_loss: 0.0000, lr: 0.00006408, epoch_time: 594.0min
Epoch:[2/2](94500/174872), loss: 2.4730, logits_loss: 2.4730, aux_loss: 0.0000, lr: 0.00006368, epoch_time: 589.0min
Epoch:[2/2](95000/174872), loss: 2.8781, logits_loss: 2.8781, aux_loss: 0.0000, lr: 0.00006328, epoch_time: 583.0min
Epoch:[2/2](95500/174872), loss: 2.5356, logits_loss: 2.5356, aux_loss: 0.0000, lr: 0.00006288, epoch_time: 579.0min
Epoch:[2/2](96000/174872), loss: 2.7555, logits_loss: 2.7555, aux_loss: 0.0000, lr: 0.00006249, epoch_time: 574.0min
Epoch:[2/2](96500/174872), loss: 2.6831, logits_loss: 2.6831, aux_loss: 0.0000, lr: 0.00006209, epoch_time: 569.0min
Epoch:[2/2](97000/174872), loss: 2.2692, logits_loss: 2.2692, aux_loss: 0.0000, lr: 0.00006170, epoch_time: 565.0min
Epoch:[2/2](97500/174872), loss: 2.7624, logits_loss: 2.7624, aux_loss: 0.0000, lr: 0.00006131, epoch_time: 559.0min
Epoch:[2/2](98000/174872), loss: 2.3504, logits_loss: 2.3504, aux_loss: 0.0000, lr: 0.00006093, epoch_time: 554.0min
Epoch:[2/2](98500/174872), loss: 2.4591, logits_loss: 2.4591, aux_loss: 0.0000, lr: 0.00006054, epoch_time: 550.0min
Epoch:[2/2](99000/174872), loss: 2.6442, logits_loss: 2.6442, aux_loss: 0.0000, lr: 0.00006016, epoch_time: 545.0min
Epoch:[2/2](99500/174872), loss: 2.4504, logits_loss: 2.4504, aux_loss: 0.0000, lr: 0.00005978, epoch_time: 541.0min
Epoch:[2/2](100000/174872), loss: 2.4022, logits_loss: 2.4022, aux_loss: 0.0000, lr: 0.00005940, epoch_time: 536.0min
Epoch:[2/2](100500/174872), loss: 2.3903, logits_loss: 2.3903, aux_loss: 0.0000, lr: 0.00005902, epoch_time: 532.0min
Epoch:[2/2](101000/174872), loss: 2.3518, logits_loss: 2.3518, aux_loss: 0.0000, lr: 0.00005865, epoch_time: 526.0min
Epoch:[2/2](101500/174872), loss: 2.7358, logits_loss: 2.7358, aux_loss: 0.0000, lr: 0.00005827, epoch_time: 522.0min
Epoch:[2/2](102000/174872), loss: 2.4531, logits_loss: 2.4531, aux_loss: 0.0000, lr: 0.00005790, epoch_time: 517.0min
Epoch:[2/2](102500/174872), loss: 2.6541, logits_loss: 2.6541, aux_loss: 0.0000, lr: 0.00005754, epoch_time: 513.0min
Epoch:[2/2](103000/174872), loss: 2.7744, logits_loss: 2.7744, aux_loss: 0.0000, lr: 0.00005717, epoch_time: 509.0min
Epoch:[2/2](103500/174872), loss: 2.7025, logits_loss: 2.7025, aux_loss: 0.0000, lr: 0.00005681, epoch_time: 504.0min
Epoch:[2/2](104000/174872), loss: 2.6905, logits_loss: 2.6905, aux_loss: 0.0000, lr: 0.00005644, epoch_time: 500.0min
Epoch:[2/2](104500/174872), loss: 2.6584, logits_loss: 2.6584, aux_loss: 0.0000, lr: 0.00005609, epoch_time: 495.0min
Epoch:[2/2](105000/174872), loss: 2.4869, logits_loss: 2.4869, aux_loss: 0.0000, lr: 0.00005573, epoch_time: 490.0min
Epoch:[2/2](105500/174872), loss: 2.5396, logits_loss: 2.5396, aux_loss: 0.0000, lr: 0.00005537, epoch_time: 486.0min
Epoch:[2/2](106000/174872), loss: 2.6059, logits_loss: 2.6059, aux_loss: 0.0000, lr: 0.00005502, epoch_time: 482.0min
Epoch:[2/2](106500/174872), loss: 2.6603, logits_loss: 2.6603, aux_loss: 0.0000, lr: 0.00005467, epoch_time: 477.0min
Epoch:[2/2](107000/174872), loss: 2.5346, logits_loss: 2.5346, aux_loss: 0.0000, lr: 0.00005432, epoch_time: 473.0min
Epoch:[2/2](107500/174872), loss: 3.0326, logits_loss: 3.0326, aux_loss: 0.0000, lr: 0.00005398, epoch_time: 469.0min
Epoch:[2/2](108000/174872), loss: 2.4581, logits_loss: 2.4581, aux_loss: 0.0000, lr: 0.00005363, epoch_time: 465.0min
Epoch:[2/2](108500/174872), loss: 2.7244, logits_loss: 2.7244, aux_loss: 0.0000, lr: 0.00005329, epoch_time: 460.0min
Epoch:[2/2](109000/174872), loss: 2.5455, logits_loss: 2.5455, aux_loss: 0.0000, lr: 0.00005295, epoch_time: 456.0min
Epoch:[2/2](109500/174872), loss: 2.3787, logits_loss: 2.3787, aux_loss: 0.0000, lr: 0.00005261, epoch_time: 451.0min
Epoch:[2/2](110000/174872), loss: 2.5904, logits_loss: 2.5904, aux_loss: 0.0000, lr: 0.00005228, epoch_time: 447.0min
Epoch:[2/2](110500/174872), loss: 2.5940, logits_loss: 2.5940, aux_loss: 0.0000, lr: 0.00005195, epoch_time: 443.0min
Epoch:[2/2](111000/174872), loss: 3.0309, logits_loss: 3.0309, aux_loss: 0.0000, lr: 0.00005162, epoch_time: 439.0min
Epoch:[2/2](111500/174872), loss: 2.8547, logits_loss: 2.8547, aux_loss: 0.0000, lr: 0.00005129, epoch_time: 435.0min
Epoch:[2/2](112000/174872), loss: 2.6355, logits_loss: 2.6355, aux_loss: 0.0000, lr: 0.00005096, epoch_time: 431.0min
Epoch:[2/2](112500/174872), loss: 2.3547, logits_loss: 2.3547, aux_loss: 0.0000, lr: 0.00005064, epoch_time: 427.0min
Epoch:[2/2](113000/174872), loss: 2.4954, logits_loss: 2.4954, aux_loss: 0.0000, lr: 0.00005032, epoch_time: 422.0min
Epoch:[2/2](113500/174872), loss: 2.9360, logits_loss: 2.9360, aux_loss: 0.0000, lr: 0.00005000, epoch_time: 418.0min
Epoch:[2/2](114000/174872), loss: 2.4754, logits_loss: 2.4754, aux_loss: 0.0000, lr: 0.00004968, epoch_time: 414.0min
Epoch:[2/2](114500/174872), loss: 2.8089, logits_loss: 2.8089, aux_loss: 0.0000, lr: 0.00004937, epoch_time: 410.0min
Epoch:[2/2](115000/174872), loss: 2.7696, logits_loss: 2.7696, aux_loss: 0.0000, lr: 0.00004906, epoch_time: 406.0min
Epoch:[2/2](115500/174872), loss: 2.4859, logits_loss: 2.4859, aux_loss: 0.0000, lr: 0.00004875, epoch_time: 402.0min
Epoch:[2/2](116000/174872), loss: 2.3930, logits_loss: 2.3930, aux_loss: 0.0000, lr: 0.00004844, epoch_time: 398.0min
Epoch:[2/2](116500/174872), loss: 2.6697, logits_loss: 2.6697, aux_loss: 0.0000, lr: 0.00004814, epoch_time: 394.0min
Epoch:[2/2](117000/174872), loss: 2.8306, logits_loss: 2.8306, aux_loss: 0.0000, lr: 0.00004783, epoch_time: 390.0min
Epoch:[2/2](117500/174872), loss: 2.8127, logits_loss: 2.8127, aux_loss: 0.0000, lr: 0.00004753, epoch_time: 386.0min
Epoch:[2/2](118000/174872), loss: 2.3698, logits_loss: 2.3698, aux_loss: 0.0000, lr: 0.00004724, epoch_time: 381.0min
Epoch:[2/2](118500/174872), loss: 2.4875, logits_loss: 2.4875, aux_loss: 0.0000, lr: 0.00004694, epoch_time: 377.0min
Epoch:[2/2](119000/174872), loss: 2.6061, logits_loss: 2.6061, aux_loss: 0.0000, lr: 0.00004665, epoch_time: 374.0min
Epoch:[2/2](119500/174872), loss: 2.6196, logits_loss: 2.6196, aux_loss: 0.0000, lr: 0.00004636, epoch_time: 370.0min
Epoch:[2/2](120000/174872), loss: 2.5754, logits_loss: 2.5754, aux_loss: 0.0000, lr: 0.00004607, epoch_time: 366.0min
Epoch:[2/2](120500/174872), loss: 2.3351, logits_loss: 2.3351, aux_loss: 0.0000, lr: 0.00004578, epoch_time: 362.0min
Epoch:[2/2](121000/174872), loss: 2.4582, logits_loss: 2.4582, aux_loss: 0.0000, lr: 0.00004550, epoch_time: 358.0min
Epoch:[2/2](121500/174872), loss: 2.8808, logits_loss: 2.8808, aux_loss: 0.0000, lr: 0.00004522, epoch_time: 355.0min
Epoch:[2/2](122000/174872), loss: 2.4848, logits_loss: 2.4848, aux_loss: 0.0000, lr: 0.00004494, epoch_time: 351.0min
Epoch:[2/2](122500/174872), loss: 2.3146, logits_loss: 2.3146, aux_loss: 0.0000, lr: 0.00004466, epoch_time: 347.0min
Epoch:[2/2](123000/174872), loss: 2.6914, logits_loss: 2.6914, aux_loss: 0.0000, lr: 0.00004439, epoch_time: 343.0min
Epoch:[2/2](123500/174872), loss: 2.4551, logits_loss: 2.4551, aux_loss: 0.0000, lr: 0.00004412, epoch_time: 339.0min
Epoch:[2/2](124000/174872), loss: 2.7235, logits_loss: 2.7235, aux_loss: 0.0000, lr: 0.00004385, epoch_time: 335.0min
Epoch:[2/2](124500/174872), loss: 2.4001, logits_loss: 2.4001, aux_loss: 0.0000, lr: 0.00004358, epoch_time: 331.0min
Epoch:[2/2](125000/174872), loss: 2.7607, logits_loss: 2.7607, aux_loss: 0.0000, lr: 0.00004332, epoch_time: 328.0min
Epoch:[2/2](125500/174872), loss: 2.4611, logits_loss: 2.4611, aux_loss: 0.0000, lr: 0.00004306, epoch_time: 324.0min
Epoch:[2/2](126000/174872), loss: 2.6116, logits_loss: 2.6116, aux_loss: 0.0000, lr: 0.00004280, epoch_time: 320.0min
Epoch:[2/2](126500/174872), loss: 2.5169, logits_loss: 2.5169, aux_loss: 0.0000, lr: 0.00004254, epoch_time: 317.0min
Epoch:[2/2](127000/174872), loss: 2.6369, logits_loss: 2.6369, aux_loss: 0.0000, lr: 0.00004229, epoch_time: 313.0min
Epoch:[2/2](127500/174872), loss: 2.6180, logits_loss: 2.6180, aux_loss: 0.0000, lr: 0.00004204, epoch_time: 309.0min
Epoch:[2/2](128000/174872), loss: 2.7054, logits_loss: 2.7054, aux_loss: 0.0000, lr: 0.00004179, epoch_time: 306.0min
Epoch:[2/2](128500/174872), loss: 2.4914, logits_loss: 2.4914, aux_loss: 0.0000, lr: 0.00004154, epoch_time: 301.0min
Epoch:[2/2](129000/174872), loss: 2.1322, logits_loss: 2.1322, aux_loss: 0.0000, lr: 0.00004130, epoch_time: 298.0min
Epoch:[2/2](129500/174872), loss: 2.4629, logits_loss: 2.4629, aux_loss: 0.0000, lr: 0.00004106, epoch_time: 294.0min
Epoch:[2/2](130000/174872), loss: 2.5986, logits_loss: 2.5986, aux_loss: 0.0000, lr: 0.00004082, epoch_time: 291.0min
Epoch:[2/2](130500/174872), loss: 2.4321, logits_loss: 2.4321, aux_loss: 0.0000, lr: 0.00004058, epoch_time: 287.0min
Epoch:[2/2](131000/174872), loss: 2.5912, logits_loss: 2.5912, aux_loss: 0.0000, lr: 0.00004035, epoch_time: 283.0min
Epoch:[2/2](131500/174872), loss: 2.5142, logits_loss: 2.5142, aux_loss: 0.0000, lr: 0.00004012, epoch_time: 280.0min
Epoch:[2/2](132000/174872), loss: 2.6587, logits_loss: 2.6587, aux_loss: 0.0000, lr: 0.00003989, epoch_time: 276.0min
Epoch:[2/2](132500/174872), loss: 2.4426, logits_loss: 2.4426, aux_loss: 0.0000, lr: 0.00003966, epoch_time: 273.0min
Epoch:[2/2](133000/174872), loss: 2.3875, logits_loss: 2.3875, aux_loss: 0.0000, lr: 0.00003944, epoch_time: 269.0min
Epoch:[2/2](133500/174872), loss: 2.7031, logits_loss: 2.7031, aux_loss: 0.0000, lr: 0.00003922, epoch_time: 266.0min
Epoch:[2/2](134000/174872), loss: 2.6854, logits_loss: 2.6854, aux_loss: 0.0000, lr: 0.00003900, epoch_time: 262.0min
Epoch:[2/2](134500/174872), loss: 3.0785, logits_loss: 3.0785, aux_loss: 0.0000, lr: 0.00003878, epoch_time: 258.0min
Epoch:[2/2](135000/174872), loss: 2.8161, logits_loss: 2.8161, aux_loss: 0.0000, lr: 0.00003857, epoch_time: 255.0min
Epoch:[2/2](135500/174872), loss: 3.0494, logits_loss: 3.0494, aux_loss: 0.0000, lr: 0.00003836, epoch_time: 251.0min
Epoch:[2/2](136000/174872), loss: 2.6548, logits_loss: 2.6548, aux_loss: 0.0000, lr: 0.00003815, epoch_time: 248.0min
Epoch:[2/2](136500/174872), loss: 2.5566, logits_loss: 2.5566, aux_loss: 0.0000, lr: 0.00003794, epoch_time: 244.0min
Epoch:[2/2](137000/174872), loss: 2.6304, logits_loss: 2.6304, aux_loss: 0.0000, lr: 0.00003774, epoch_time: 241.0min
Epoch:[2/2](137500/174872), loss: 2.4993, logits_loss: 2.4993, aux_loss: 0.0000, lr: 0.00003754, epoch_time: 238.0min
Epoch:[2/2](138000/174872), loss: 2.9270, logits_loss: 2.9270, aux_loss: 0.0000, lr: 0.00003734, epoch_time: 234.0min
Epoch:[2/2](138500/174872), loss: 2.5029, logits_loss: 2.5029, aux_loss: 0.0000, lr: 0.00003714, epoch_time: 231.0min
Epoch:[2/2](139000/174872), loss: 2.5729, logits_loss: 2.5729, aux_loss: 0.0000, lr: 0.00003695, epoch_time: 227.0min
Epoch:[2/2](139500/174872), loss: 2.5688, logits_loss: 2.5688, aux_loss: 0.0000, lr: 0.00003676, epoch_time: 224.0min
Epoch:[2/2](140000/174872), loss: 2.7712, logits_loss: 2.7712, aux_loss: 0.0000, lr: 0.00003657, epoch_time: 220.0min
Epoch:[2/2](140500/174872), loss: 2.7438, logits_loss: 2.7438, aux_loss: 0.0000, lr: 0.00003638, epoch_time: 216.0min
Epoch:[2/2](141000/174872), loss: 2.7308, logits_loss: 2.7308, aux_loss: 0.0000, lr: 0.00003620, epoch_time: 213.0min
Epoch:[2/2](141500/174872), loss: 2.3729, logits_loss: 2.3729, aux_loss: 0.0000, lr: 0.00003602, epoch_time: 210.0min
Epoch:[2/2](142000/174872), loss: 2.5840, logits_loss: 2.5840, aux_loss: 0.0000, lr: 0.00003584, epoch_time: 206.0min
Epoch:[2/2](142500/174872), loss: 2.5219, logits_loss: 2.5219, aux_loss: 0.0000, lr: 0.00003567, epoch_time: 203.0min
Epoch:[2/2](143000/174872), loss: 2.7703, logits_loss: 2.7703, aux_loss: 0.0000, lr: 0.00003549, epoch_time: 200.0min
Epoch:[2/2](143500/174872), loss: 2.8935, logits_loss: 2.8935, aux_loss: 0.0000, lr: 0.00003532, epoch_time: 197.0min
Epoch:[2/2](144000/174872), loss: 2.7514, logits_loss: 2.7514, aux_loss: 0.0000, lr: 0.00003516, epoch_time: 193.0min
Epoch:[2/2](144500/174872), loss: 2.4588, logits_loss: 2.4588, aux_loss: 0.0000, lr: 0.00003499, epoch_time: 190.0min
Epoch:[2/2](145000/174872), loss: 2.4497, logits_loss: 2.4497, aux_loss: 0.0000, lr: 0.00003483, epoch_time: 186.0min
Epoch:[2/2](145500/174872), loss: 2.5229, logits_loss: 2.5229, aux_loss: 0.0000, lr: 0.00003467, epoch_time: 183.0min
Epoch:[2/2](146000/174872), loss: 2.4039, logits_loss: 2.4039, aux_loss: 0.0000, lr: 0.00003451, epoch_time: 179.0min
Epoch:[2/2](146500/174872), loss: 2.9624, logits_loss: 2.9624, aux_loss: 0.0000, lr: 0.00003436, epoch_time: 176.0min
Epoch:[2/2](147000/174872), loss: 2.8496, logits_loss: 2.8496, aux_loss: 0.0000, lr: 0.00003421, epoch_time: 173.0min
Epoch:[2/2](147500/174872), loss: 2.5277, logits_loss: 2.5277, aux_loss: 0.0000, lr: 0.00003406, epoch_time: 170.0min
Epoch:[2/2](148000/174872), loss: 2.6620, logits_loss: 2.6620, aux_loss: 0.0000, lr: 0.00003391, epoch_time: 167.0min
Epoch:[2/2](148500/174872), loss: 2.7411, logits_loss: 2.7411, aux_loss: 0.0000, lr: 0.00003377, epoch_time: 163.0min
Epoch:[2/2](149000/174872), loss: 2.6299, logits_loss: 2.6299, aux_loss: 0.0000, lr: 0.00003363, epoch_time: 160.0min
Epoch:[2/2](149500/174872), loss: 3.3296, logits_loss: 3.3296, aux_loss: 0.0000, lr: 0.00003349, epoch_time: 157.0min
Epoch:[2/2](150000/174872), loss: 2.4697, logits_loss: 2.4697, aux_loss: 0.0000, lr: 0.00003336, epoch_time: 154.0min
Epoch:[2/2](150500/174872), loss: 2.5457, logits_loss: 2.5457, aux_loss: 0.0000, lr: 0.00003322, epoch_time: 151.0min
Epoch:[2/2](151000/174872), loss: 2.9519, logits_loss: 2.9519, aux_loss: 0.0000, lr: 0.00003309, epoch_time: 147.0min
Epoch:[2/2](151500/174872), loss: 2.9588, logits_loss: 2.9588, aux_loss: 0.0000, lr: 0.00003296, epoch_time: 143.0min
Epoch:[2/2](152000/174872), loss: 2.6692, logits_loss: 2.6692, aux_loss: 0.0000, lr: 0.00003284, epoch_time: 140.0min
Epoch:[2/2](152500/174872), loss: 2.5397, logits_loss: 2.5397, aux_loss: 0.0000, lr: 0.00003272, epoch_time: 137.0min
Epoch:[2/2](153000/174872), loss: 2.5637, logits_loss: 2.5637, aux_loss: 0.0000, lr: 0.00003260, epoch_time: 134.0min
Epoch:[2/2](153500/174872), loss: 3.0918, logits_loss: 3.0918, aux_loss: 0.0000, lr: 0.00003248, epoch_time: 131.0min
Epoch:[2/2](154000/174872), loss: 2.9338, logits_loss: 2.9338, aux_loss: 0.0000, lr: 0.00003237, epoch_time: 128.0min
Epoch:[2/2](154500/174872), loss: 2.6383, logits_loss: 2.6383, aux_loss: 0.0000, lr: 0.00003225, epoch_time: 124.0min
Epoch:[2/2](155000/174872), loss: 2.5821, logits_loss: 2.5821, aux_loss: 0.0000, lr: 0.00003215, epoch_time: 121.0min
Epoch:[2/2](155500/174872), loss: 2.5282, logits_loss: 2.5282, aux_loss: 0.0000, lr: 0.00003204, epoch_time: 118.0min
Epoch:[2/2](156000/174872), loss: 2.6822, logits_loss: 2.6822, aux_loss: 0.0000, lr: 0.00003194, epoch_time: 115.0min
Epoch:[2/2](156500/174872), loss: 2.6917, logits_loss: 2.6917, aux_loss: 0.0000, lr: 0.00003183, epoch_time: 112.0min
Epoch:[2/2](157000/174872), loss: 2.6629, logits_loss: 2.6629, aux_loss: 0.0000, lr: 0.00003174, epoch_time: 109.0min
Epoch:[2/2](157500/174872), loss: 2.7344, logits_loss: 2.7344, aux_loss: 0.0000, lr: 0.00003164, epoch_time: 106.0min
Epoch:[2/2](158000/174872), loss: 2.8971, logits_loss: 2.8971, aux_loss: 0.0000, lr: 0.00003155, epoch_time: 102.0min
Epoch:[2/2](158500/174872), loss: 2.1387, logits_loss: 2.1387, aux_loss: 0.0000, lr: 0.00003146, epoch_time: 99.0min
Epoch:[2/2](159000/174872), loss: 2.6223, logits_loss: 2.6223, aux_loss: 0.0000, lr: 0.00003137, epoch_time: 96.0min
Epoch:[2/2](159500/174872), loss: 2.4809, logits_loss: 2.4809, aux_loss: 0.0000, lr: 0.00003128, epoch_time: 93.0min
Epoch:[2/2](160000/174872), loss: 2.5782, logits_loss: 2.5782, aux_loss: 0.0000, lr: 0.00003120, epoch_time: 90.0min
Epoch:[2/2](160500/174872), loss: 2.7700, logits_loss: 2.7700, aux_loss: 0.0000, lr: 0.00003112, epoch_time: 87.0min
Epoch:[2/2](161000/174872), loss: 2.7180, logits_loss: 2.7180, aux_loss: 0.0000, lr: 0.00003105, epoch_time: 84.0min
Epoch:[2/2](161500/174872), loss: 2.5594, logits_loss: 2.5594, aux_loss: 0.0000, lr: 0.00003097, epoch_time: 81.0min
Epoch:[2/2](162000/174872), loss: 2.5521, logits_loss: 2.5521, aux_loss: 0.0000, lr: 0.00003090, epoch_time: 78.0min
Epoch:[2/2](162500/174872), loss: 2.2852, logits_loss: 2.2852, aux_loss: 0.0000, lr: 0.00003083, epoch_time: 75.0min
Epoch:[2/2](163000/174872), loss: 2.6117, logits_loss: 2.6117, aux_loss: 0.0000, lr: 0.00003077, epoch_time: 71.0min
Epoch:[2/2](163500/174872), loss: 3.1114, logits_loss: 3.1114, aux_loss: 0.0000, lr: 0.00003070, epoch_time: 68.0min
Epoch:[2/2](164000/174872), loss: 2.5875, logits_loss: 2.5875, aux_loss: 0.0000, lr: 0.00003064, epoch_time: 65.0min
Epoch:[2/2](164500/174872), loss: 2.9029, logits_loss: 2.9029, aux_loss: 0.0000, lr: 0.00003059, epoch_time: 62.0min
Epoch:[2/2](165000/174872), loss: 2.5137, logits_loss: 2.5137, aux_loss: 0.0000, lr: 0.00003053, epoch_time: 59.0min
Epoch:[2/2](165500/174872), loss: 2.4928, logits_loss: 2.4928, aux_loss: 0.0000, lr: 0.00003048, epoch_time: 56.0min
Epoch:[2/2](166000/174872), loss: 2.6193, logits_loss: 2.6193, aux_loss: 0.0000, lr: 0.00003043, epoch_time: 53.0min
Epoch:[2/2](166500/174872), loss: 2.6031, logits_loss: 2.6031, aux_loss: 0.0000, lr: 0.00003038, epoch_time: 50.0min
Epoch:[2/2](167000/174872), loss: 2.2730, logits_loss: 2.2730, aux_loss: 0.0000, lr: 0.00003034, epoch_time: 47.0min
Epoch:[2/2](167500/174872), loss: 2.3819, logits_loss: 2.3819, aux_loss: 0.0000, lr: 0.00003030, epoch_time: 44.0min
Epoch:[2/2](168000/174872), loss: 2.6491, logits_loss: 2.6491, aux_loss: 0.0000, lr: 0.00003026, epoch_time: 41.0min
Epoch:[2/2](168500/174872), loss: 2.3586, logits_loss: 2.3586, aux_loss: 0.0000, lr: 0.00003022, epoch_time: 38.0min
Epoch:[2/2](169000/174872), loss: 2.4308, logits_loss: 2.4308, aux_loss: 0.0000, lr: 0.00003019, epoch_time: 35.0min
Epoch:[2/2](169500/174872), loss: 3.0969, logits_loss: 3.0969, aux_loss: 0.0000, lr: 0.00003016, epoch_time: 32.0min
Epoch:[2/2](170000/174872), loss: 2.6402, logits_loss: 2.6402, aux_loss: 0.0000, lr: 0.00003013, epoch_time: 29.0min
Epoch:[2/2](170500/174872), loss: 2.6577, logits_loss: 2.6577, aux_loss: 0.0000, lr: 0.00003010, epoch_time: 26.0min
Epoch:[2/2](171000/174872), loss: 2.5379, logits_loss: 2.5379, aux_loss: 0.0000, lr: 0.00003008, epoch_time: 23.0min
Epoch:[2/2](171500/174872), loss: 2.7858, logits_loss: 2.7858, aux_loss: 0.0000, lr: 0.00003006, epoch_time: 20.0min
Epoch:[2/2](172000/174872), loss: 2.5105, logits_loss: 2.5105, aux_loss: 0.0000, lr: 0.00003004, epoch_time: 17.0min
Epoch:[2/2](172500/174872), loss: 2.8473, logits_loss: 2.8473, aux_loss: 0.0000, lr: 0.00003003, epoch_time: 14.0min
Epoch:[2/2](173000/174872), loss: 2.5370, logits_loss: 2.5370, aux_loss: 0.0000, lr: 0.00003002, epoch_time: 11.0min
Epoch:[2/2](173500/174872), loss: 2.6774, logits_loss: 2.6774, aux_loss: 0.0000, lr: 0.00003001, epoch_time: 8.0min
Epoch:[2/2](174000/174872), loss: 2.8066, logits_loss: 2.8066, aux_loss: 0.0000, lr: 0.00003000, epoch_time: 6.0min
Epoch:[2/2](174500/174872), loss: 2.8918, logits_loss: 2.8918, aux_loss: 0.0000, lr: 0.00003000, epoch_time: 2.0min
Epoch:[2/2](174872/174872), loss: 2.0593, logits_loss: 2.0593, aux_loss: 0.0000, lr: 0.00003000, epoch_time: 0.0min
val_loss: 3.2558 (time: 1029.3min)
